
      █▀▀▀▀▀▀▀▀▀▀▀▀▀▀▀▀▀▀▀▀▀▀▀▀▀▀▀▀▀▀▀▀▀▀▀▀▀▀▀▀▀▀▀▀▀▀▀▀▀▀▀▀▀█
      █ ANTIAPE  Ver 2.546 (c) 1991-92 by Vadim V. Bogdanov █░░
      █         Moscow +7 (095) 334-34-00   12/04/92        █░░
      █  E-mail: vadim@kamis.msk.su  FidoNet: 2:5020/22.32  █░░
      █                     VIRUSES LIST                    █░░
      █▄▄▄▄▄▄▄▄▄▄▄▄▄▄▄▄▄▄▄▄▄▄▄▄▄▄▄▄▄▄▄▄▄▄▄▄▄▄▄▄▄▄▄▄▄▄▄▄▄▄▄▄▄█░░
        ░░░░░░░░░░░░░░░░░░░░░░░░░░░░░░░░░░░░░░░░░░░░░░░░░░░░░░░

Corrupts files or all/part of disk ─6───────────────────────────────┐
Video effects ──────────────────────5─────────────────────────────┐ │
Sound effects ──────────────────────4───────────────────────────┐ │ │
                                                                │ │ │
Uses phantom-encryption ────────────3────────────────────────┐  │ │ │
Uses encryption ────────────────────2──────────────────────┐ │  │ │ │
Stays rezident ─────────────────────1────────────────────┐ │ │  │ │ │
                                                         │ │ │  │ │ │
                                                         │ │ │  │ │ │
─────────────────────────────────────────────────────────┼─┼─┼──┼─┼─┼─
 #        Virus              Infects          Length     1 2 3  4 5 6
─────────────────────────────────────────────────────────┼─┼─┼──┼─┼─┼─
  1  Stoned-a                FBOOT,MBR           512     x - -  - x -
  2  Rostov                  FBOOT,MBR           512     x - -  - - x
  3  Ping Pong               BOOT               1024     x - -  - x -
  4  Hacked Ping Pong        BOOT               1024     x - -  - - x
  5  Ping Pong modified by
     Yankee Doodle virus     BOOT               1024     x - -  - x -
  6  Disk Killer             BOOT               3072     x - -  - x x
  7  Brain Ashar             FBOOT              3072     x - -  - - -
  8  Brain Ashar
     (Singapore)             FBOOT              3072     x - -  - - -
  9  Print Screen            FBOOT,MBR           512     x - -  - - -
 10  Den Zuk                 FBOOT              4608     x - -  - x -
 11  Joshi                   FBOOT,MBR          4086     x - -  - x -
 12  Sex Revolution-a        FBOOT,MBR           512     x - -  - - -
 13  Vienna-648              COM                 648     - - -  - - x
 14  Vienna-627              COM                 627     - - -  - - -
 15  Vienna-623              COM                 623     - - -  - - x
 16  Vienna-534              COM                 534     - - -  - - -
 17  RC-492                  COM                 492     x - -  - - x
 18  Amstrad-345             COM                 345     - - -  - x -
 19  Amstrad-740             COM                 740     - - -  - - -
 20  Amstrad-847             COM                 847     - - -  - x -
 21  April 1st COM           COM                 897     x - -  - x -
 22  Big Piter               COM               23693     - - -  - x -
 23  Peterburg               COM                 529     x - -  - - -
 24  Attention-394           COM                 394     x - -  - - -
 25  LoveChild               COM                 488     x - -  - - x
 26  Kemerovo-Reset          COM                 256     - - -  - - -
 27  Tula-417                COM                 417     x - -  - x -
 28  Vienna-507-a            COM                 507     - - -  - - -
 29  Vienna-644              COM                 644     - - -  - - -
 30  V-516                   COM                 516     x - -  - - -
 31  V-699                   COM                 699     x - -  - - -
 32  V-707                   COM                 707     x - -  x - -
 33  V-696                   COM                 696     - - -  - - x
 34  Bebe                    COM                1004     - - -  - x -
 35  Cascade-1701            COM                1701     x x -  - x -
 36  Cascade-1704            COM                1704     x x -  - x -
 37  Loz-1023                COM                1023     x x -  - x x
 38  Mlti-830                COM                 830     x - -  - - x
 39  Voronezh-600            COM                 600     x - -  - - -
 40  Alabama                 EXE                1560     x - -  - x -
 41  Eddie-1800              COM,EXE            1800     x - -  - - x
 42  Eddie-2000              COM,EXE            2000     x - -  - - x
 43  Hymn-1865               COM,EXE            1865     x - -  x x x
 44  V-4096                  COM,EXE            4096     x - -  - - -
 45  Vacsina 04              COM,EXE            1212     x - -  x - -
 46  Vacsina 05              COM,EXE            1206     x - -  x - -
 47  Vacsina 10              COM,EXE            1339     x - -  x - -
 48  Yankee Doodle-18        COM,EXE            1760     x - -  x - -
 49  Yankee Doodle-19        COM,EXE            1805     x - -  x - -
 50  Yankee Doodle-21        COM,EXE            2680     x - -  x - -
 51  Yankee Doodle-22        COM,EXE            2568     x - -  x - -
 52  Yankee Doodle-26        COM,EXE            2756     x - -  x - -
 53  Yankee Doodle-27        COM,EXE            2772     x - -  x - -
 54  Yankee Doodle-29        COM,EXE            2932     x - -  x - -
 55  Yankee Doodle-2C        COM,EXE            2885     x - -  x - -
 56  Yankee Doodle-2D        COM,EXE            2901     x - -  x - -
 57  April 1st EXE           EXE                1488     x - -  - x -
 58  Jerusalem-a             COM,EXE            1808     x - -  - x x
 59  Sunday                  COM,EXE            1636     x - -  - x x
 60  Murphy-1277             COM,EXE            1277     x - -  x - -
 61  YanShort-1961           EXE                1961     - - -  x - -
 62  V-905                   EXE                 905     x - -  - x -
 63  V-948                   COM,EXE             948     x - -  - x -
 64  Voronezh-1600           COM,EXE            1600     x - -  - - -
 65  Wish-1024               COM,EXE            1024     x - -  - - x
 66  Yankee'-1049            COM,EXE            1049     x - -  - - -
 67  Joker-01                COM,EXE           29233     x - -  - x -
 68  Hymn-1962               COM,EXE            1962     x - -  x x x
 69  Hymn-2144               COM,EXE            2144     x - -  x x x
 70  SVC-1689                COM,EXE            1689     x - -  - - -
 71  SVC-3103-a              COM,EXE            3103     x - -  - - -
 72  Small-132               COM                 132     x - -  - - -
 73  Small-144               COM                 144     x - -  - - -
 74  Tiny-133                COM                 133     x - -  - - -
 75  Tiny-134                COM                 134     x - -  - - -
 76  Tiny-138                COM                 138     x - -  - - -
 77  Tiny-143-a              COM                 143     x - -  - - -
 78  Tiny-154                COM                 154     x - -  - - -
 79  Tiny-156                COM                 156     x - -  - - -
 80  Tiny-158                COM                 158     x - -  - - -
 81  Tiny-159                COM                 159     x - -  - - -
 82  Tiny-160                COM                 160     x - -  - - -
 83  Tiny-167                COM                 167     x - -  - - -
 84  Tiny-198                COM                 198     x - -  - - -
 85  Lisbon                  COM                 648     - - -  - - x
 86  MGTU-273                COM                 273     - - -  - - -
 87  Nina-256                COM                 256     x - -  - - x
 88  Self-457                COM                 457     - - -  - - -
 89  Self-550                COM                 550     - - -  - - x
 90  AntiPascal-400          COM                 400     - - -  - - x
 91  AntiPascal-440-a        COM                 440     - - -  - - x
 92  AntiPascal-480-a        COM                 480     - - -  - - x
 93  AntiPascal-529          COM                 529     - - -  - - x
 94  AntiPascal-605          COM                 605     - - -  - - x
 95  Eddie-651               COM,EXE             651     x - -  - - -
 96  Hero-506                COM,EXE             506     x - -  - x -
 97  Amstrad-277             COM                 277     - - -  - - -
 98  Amstrad-299             COM                 299     - - -  - - -
 99  Amstrad-852             COM                 852     - - -  - - -
100  Siskin-1017             COM,EXE            1017     x - -  x - -
101  Lehigh                  COMMAND.COM         555     x - -  - - x
102  Seat-1614               COM,EXE            1614     x - -  x x -
103  March6                  FBOOT,MBR           512     x - -  - - x
104  Bloody-a                FBOOT,MBR           512     x - -  - x -
105  Bloody-b                FBOOT,MBR           512     x - -  - x -
106  Vienna-217              COM                 217     - - -  - - -
107  Vienna-348              COM                 348     - - -  - - x
108  Vienna-353              COM                 353     - - -  - - x
109  Vienna-361              COM                 361     - - -  - - -
110  Vienna-367              COM                 367     - - -  - - x
111  Vienna-377              COM                 377     - - -  - - -
112  Abs-3                   FBOOT,MBR           512     x - -  - - x
113  Aircop                  FBOOT               512     x - -  - x -
114  Vienna-435              COM                 435     - - -  - - x
115  Vienna-483              COM                 483     - - -  - - -
116  Vienna-547              COM                 547     - - -  - - -
117  Vienna-582              COM                 582     - - -  - - -
118  Vienna-757              COM                 757     - - -  - - -
119  Vienna-776              COM                 776     - - -  - x -
120  Vienna-1881             COM                1881     - - -  - x -
121  Kuku                    COM                 448     - - -  - x x
122  Chemist                 COM                 650     x - -  - x -
123  Near Dark-a             FBOOT,MBR           512     x - -  - x x
124  Love Child              FBOOT,MBR           512     x - -  - - x
125  TrackSwap               FBOOT               512     x - -  - - -
126  Yale/Alameda            FBOOT               512     x - -  - - -
127  Armagedon-1079          COM                1079     x - -  - - -
128  Devil's Dance           COM                 941     x - -  - x -
129  Perfume                 COM                 765     x - -  - - x
130  Mstu-531                COM,EXE             531     - - -  - - -
131  Loz-1018                COM                1018     x x -  - x x
132  Mg-1                    COM                 500     x - -  - - -
133  Mg-2                    COM                 500     x - -  - - -
134  Mg-3                    COM                 500     x - -  - - -
135  Wish-970                COM,EXE             970     x - -  - - x
136  Destructor              COM,EXE            1150     x - -  - - -
137  Sistor-2380             COM,EXE            2380     x - -  - x -
138  Feist-670               COM,EXE             670     x - -  - - -
139  Yankee Doodle-17        COM,EXE            1753     x - -  x - -
140  Yankee Doodle-2A        COM,EXE            2993     x - -  x - -
141  Yankee Doodle-2E        COM,EXE            2977     x - -  x - -
142  Incom                   COM                 648     - - -  - x -
143  Something-658           COM                 658     x - -  - - x
144  V-310                   COM                 310     x - -  - - -
145  Voronezh-370            COM                 370     x - -  - - -
146  Tula-419                COM                 419     x - -  - - x
147  V-384                   COM                 384     - - -  - - x
148  Burger-405              COM                 405     - - -  - - x
149  Burger-560-a            COM                 560     - - -  - - x
150  Burger-560-b            COM                 560     - - -  - - x
151  Darth-409               COM                 409     x - -  - - x
152  V-1024-a                COM,EXE            1024     x - -  - x -
153  V-1024-b                COM,EXE            1024     x - -  - x -
154  Mphti-a                 BOOT                512     x - -  - - x
155  Azusa-a                 FBOOT,MBR           512     x - -  - - -
156  SVC-1064                COM,EXE            1064     x - -  - - -
157  SVC-1740                COM,EXE            1740     x - -  - - -
158  DataLock                COM,EXE             920     x - -  - - -
159  Jews-513                COM,EXE             513     x - -  - - x
160  Shake                   COM                 476     x - -  - x -
161  Sov-1193                COM                1193     x - -  - x -
162  Dir-Vir                 COM                 691     x - -  - - -
163  Dada                    EXE                1356     x - -  - x -
164  Eddie-2100              COM,EXE            2100     x - -  - - x
165  Int-13                  COM                 512     x - -  - - -
166  Murphy-1480             COM,EXE            1480     x - -  - x -
167  Murphy-1521             COM,EXE            1521     x - -  - x -
168  Murphy-1614             COM,EXE            1614     x - -  - x -
169  Jocker-1371             COM,EXE            1371     x - -  - - x
170  Tumen-1092              COM                1092     x - -  - - x
171  Tumen-1255              COM                1255     x - -  x - -
172  Tumen-1663              COM                1663     x - -  x - -
173  Minsk-1075              COM,EXE            1075     x - -  - - x
174  Sylvia                  COM                1301     - - -  - x -
175  Keypress                COM,EXE            1216     x - -  - - -
176  Word-1069               COM,EXE            1069     x - -  - - x
177  Word-1085               COM,EXE            1085     x - -  - - x
178  Word-1387               COM,EXE            1387     x - x  - - x
179  Word-1391               COM,EXE            1391     x - x  - - x
180  Word-1485               COM,EXE            1485     x - x  - - x
181  Word-1503               COM,EXE            1503     x - x  - - x
182  Mutant                  COM,EXE            1744     x - x  x - -
183  DM-400-a                COM                 400     x - -  - - x
184  V-512-a                 COM                 512     x - -  - - -
185  V-512-b                 COM                 512     x - -  - - -
186  V-512-c                 COM                 512     x - -  - - -
187  V-512-d                 COM                 512     x - -  - - -
188  V-512-e                 COM                 512     x - -  - - -
189  V-512-f                 COM                 512     x - -  - - -
190  Datacrime-1168          COM                1168     - - -  - x x
191  Datacrime-1480          COM,EXE            1480     - - -  - x x
192  Datacrime-1514          COM,EXE            1514     - - -  - x x
193  Darth-255               COM                 255     x - -  - - x
194  Darth-354               COM                 354     x - -  - - x
195  Anthrax                 MBR,COM,EXE        1024     x - -  - - -
196  TraceBack-3066          COM,EXE            3066     x - -  - x -
197  Little-46               COM                  46     - - -  - - x
198  Small-149               COM                 149     x - -  - - -
199  Grave                   COM                 442     - - -  - - x
200  Monxla-939              COM                 939     - - -  - - x
201  Iron Maiden             COM                 636     - - -  - - x
202  Polimer                 COM                 512     - - -  - x -
203  Gelendzik               FBOOT,MBR           512     x - -  - - -
204  Mphti-b                 BOOT                512     x - -  - - x
205  End-Of                  COM                 783     x - -  - - -
206  Nomenklatura            COM,EXE            1024     x - -  - - x
207  Tetris                  COM                 552     x - -  - - x
208  Christ                  COM,EXE             483     x - -  - x -
209  Ieronim-570             COM                 570     x - -  - x -
210  Penza-700               COM,EXE             700     x - -  - - -
211  Keydrop                 FBOOT,MBR          2560     x - -  - x -
212  MusicBug                BOOT               2048     x - -  x - -
213  LV-477                  COMMAND.COM         477     x - -  x - -
214  Tequila                 BOOT,EXE           2468     x - x  - x -
215  Sov-1205                COM                1205     x - -  - x -
216  GoodBye                 COM,EXE             839     x - -  x - -
217  Manowar                 COM,EXE             921     x - -  - - -
218  Int-5                   COM                1024     x - -  - - -
219  Socha                   COM                 753     x - -  - - -
220  Sistor-2225             COM,EXE            2225     x - -  - x -
221  Mgn-2048-a              COM,EXE            2048     x x -  - x -
222  Mgn-2560-a              COM,EXE            2560     x x -  - x -
223  Mgn-2560-b              COM,EXE            2560     x x -  - x -
224  Flip-2153               MBR,COM,EXE        2153     x - x  - x x
225  Flip-2327               MBR,COM,EXE        2327     x - x  - x x
226  V-1308                  COM                1308     - - -  - - x
227  PC-FLU-763              COM                 763     x - -  - - -
228  PC-FLU-802              COM                 802     x - -  - - -
229  Turbo-448               COM                 448     x - -  - - -
230  BootExe-452             BOOT,EXE            452     x - -  - - -
231  Vienna-726              COM                 726     - - -  - - -
232  Terror                  COM,EXE            1085     x - -  - - -
233  Form                    BOOT               1024     x - -  - - -
234  MJ-1513                 MBR,COM            1513     x - -  - x x
235  Tired                   COM,EXE            1740     x - -  - x -
236  Yankee'-1150            COM,EXE            1150     x - -  - - -
237  Yankee'-1202            COM,EXE            1202     x - -  - - -
238  Yankee'-1905            COM,EXE            1905     x - -  - - -
239  Saratoga-632            EXE                 632     x - -  - - x
240  Saratoga-642            EXE                 642     x - -  - - x
241  Saratoga-656            EXE                 656     x - -  - - x
242  Driver-1024-a           COM,EXE            1024     x - -  - - -
243  Invader-a               BOOT,COM,EXE       4096     x - -  x x x
244  Invader-b               BOOT,COM,EXE       4096     x - -  x x x
245  Fish#6                  COM,EXE            3584     x - -  - x -
246  Plastique-4096          BOOT,COM,EXE       4096     x - -  x x x
247  Nina-1600               COM,EXE,SYS        1600     x - -  - - -
248  Astra-498               SYS                 498     x - -  x - -
249  Astra-510               SYS                 510     x - -  x - -
250  Astra-521               SYS                 521     x - -  x - -
251  Halloechen              COM,EXE            2011     x - -  - - -
252  Sentinel-4625           COM,EXE            4625     x - -  - - -
253  SVC-4644                MBR,COM,EXE,SYS    4644     x - -  - - -
254  V-1260                  COM                1260     - - x  - - -
255  Justice                 COM                1242     x - -  - - x
256  Vindicator              COM                 734     x - -  - x -
257  Live-800                COM                 800     x - -  - - -
258  Live-1226               COM                1226     x - x  - - -
259  Evil                    COM                1701     x - x  - - -
260  Phoenix                 COM,EXE            1704     x - x  - - -
261  Proudly                 COM,EXE            1302     x - x  - - -
262  Em-1876                 COM,EXE            1876     x - -  - x -
263  Joker-11000             EXE               11000     - - -  - x x
264  Little-45               COM                  45     - - -  - - x
265  Mini-125                COM                 125     - - -  - - -
266  Mini-130                COM                 130     - - -  - - -
267  Vienna-458              COM                 458     - - -  - - -
268  Vienna-466              COM                 466     - - -  - - -
269  Vienna-507-b            COM                 507     - - -  - - -
270  Vienna-535              COM                 535     - - -  - - -
271  Vienna-583              COM                 583     - - -  - - -
272  Vienna-625              COM                 625     - - -  - - -
273  Vienna-822              COM                 822     - - -  - - -
274  Vienna-961              COM                 961     - - -  - x -
275  Vienna-1000             COM                1000     - - -  - x -
276  XPEH-3600               COM,EXE            3600     x x -  - - -
277  XPEH-3840               COM,EXE            3840     x x -  - - x
278  XPEH-4016               COM,EXE            4016     x x -  - - x
279  XPEH-4048               COM,EXE            4048     x x -  - - x
280  XPEH-4928               COM,EXE            4928     x x -  - x x
281  Vacsina-06              COM,EXE            1269     x - -  x x -
282  Amstrad-877             COM                 877     - - -  - x -
283  Amstrad-936             COM                 936     - - -  - x -
284  Sex Revolution-b        FBOOT,MBR           512     x - -  - x -
285  Stoned-b                FBOOT,MBR           512     x - -  - x -
286  October 1st             FBOOT,MBR           512     x - -  - - x
287  Clock                   FBOOT,MBR          1024     x - -  - - -
288  TypoBoot                BOOT               1024     x - -  - - -
289  Canadian                FBOOT,MBR           512     x x -  - - -
290  Cheef-300               COM                 300     - - -  - x -
291  SoftPanorama            COM,EXE            1864     x - -  - - x
292  Tula-635                COM,EXE             635     x - -  - x -
293  SVC-3103-b              COM,EXE            3103     x - -  - - -
294  Vienna-810              COM                 810     - - -  - x -
295  Lip-286                 COM                 286     - - -  - x x
296  Burger-1280             COM                1280     - - -  x - -
297  Hero-394                EXE                 394     x - -  - x -
298  Burger-560-c            COM                 560     - - -  - - x
299  Burger-560-d            COM                 560     - - -  - - x
300  Armagedon-1074          COM                1074     x - -  - - -
301  Datacrime-1280          COM                1280     - - -  - - x
302  Mps-469                 COM                 469     - - -  - - -
303  Mps-640                 COM                 640     - - -  - - -
304  Mps-654                 COM                 654     - - -  - - -
305  CSSR-528                COM                 528     - - -  - - -
306  Mg-4                    COM                 500     x - -  - - -
307  Mix-1618                EXE                1618     x - -  - x -
308  Virus90                 COM                 857     - - -  - x -
309  Starship                MBR,COM,EXE        2615     x x x  x x -
310  VFSI                    COM                 437     - - -  - x -
311  DM-674                  COM                 674     - - -  - - x
312  Ambulance               COM                 796     - - -  x x -
313  SVC-4661                MBR,COM,EXE,SYS    4661     x x -  - - x
314  Jerusalem-b             COM,EXE            1808     x - -  - x x
315  Jerusalem-c             COM,EXE            1808     x - -  x - -
316  Jerusalem-d             COM,EXE            1720     x - -  - - x
317  Jerusalem-e             COM,EXE            1808     x - -  - x x
318  Jerusalem-f             COM,EXE            1888     x - -  - x x
319  Yanshort-1624           EXE                1624     - - -  - - -
320  Mix-2280                COM,EXE            2280     x x -  - x -
321  Kamikaze                EXE                4032     - - -  - - x
322  Aids-8064               EXE                8064     - - -  - x -
323  Aids-13952              COM               13952     - - -  - - x
324  Lomza                   COM,EXE            5520     - - -  - - x
325  V-376                   COM                 376     - - -  - - -
326  Do Nothing              COM                 583     - - -  - - -
327  Oropax                  COM                2756     x - -  x - -
328  Sentinel-5173           COM,EXE            5173     x - -  - - -
329  Taiwan-708              COM                 708     - - -  - x x
330  Taiwan-743              COM                 743     - - -  - x x
331  AntiPascal-440-b        COM                 440     - - -  - - x
332  AntiPascal-480-b        COM                 480     - - -  - - x
333  Plutto                  COM                 602     - - -  - - x
334  Parity                  COM                 441     - - -  - x -
335  Aids-552                EXE                 552     x - -  - x x
336  V-537                   EXE                 537     - x -  - - -
337  Liberty                 FBOOT,COM,EXE      2857     x - -  - x -
338  Small-114               COM                 114     x - -  - - -
339  Small-118               COM                 118     x - -  - - -
340  Small-122               COM                 122     x - -  - - -
341  Mini-145                COM                 145     x - -  - - -
342  BootExe-451             BOOT,EXE            451     x - -  - - -
343  Sverdlovsk-1064         COM,EXE            1064     x - -  - - -
344  SeaCat                  COM                 160     - - -  - - -
345  Dinamo                  FBOOT,MBR           512     x - -  - x -
346  Enigma                  EXE                1755     - - -  - - x
347  Tula-1480               COM,EXE            1480     x - -  x x -
348  Ghost-1447              COM,EXE            1447     x - -  - - x
349  Hi-460                  EXE                 460     x - -  - - -
350  Hard-662                COM                 662     x - -  - x x
351  Jassy-778               COM,EXE             778     x - -  - - -
352  Siskin-948              COM,EXE             948     x - -  x - -
353  Nop-1596                COM,EXE            1596     x x -  - - -
354  Nop-1720                COM,EXE            1720     x x -  - - -
355  Tula-593                COM,EXE             593     x - -  - x -
356  Attention-629           COM                 629     - - -  - x -
357  Estonia                 COM,EXE            1712     x - -  x x -
358  Korea                   COM,EXE            1947     x - -  - - x
359  Problem-863             COM,EXE             863     x - -  - - -
360  Penza-1210              COM,EXE            1210     x - -  - x -
361  DM-400-b                COM                 400     x x -  - - x
362  DM-400-c                COM                 400     x x -  - - -
363  DM-330                  COM                 330     x x -  - - -
364  Commy-998               COM                 998     - x -  - - -
365  Vienna-1239             COM                1239     - - -  - - x
366  V-1014                  EXE                1014     x - -  - x x
367  V-748                   COM                 748     - - -  - x x
368  Mgn-2048-b              COM,EXE            2048     x x -  - x -
369  Mgn-2560-c              COM,EXE            2560     x x -  - x -
370  Mgn-3000                COM,EXE            3000     x x -  - x -
371  Dot Killer              COM                 944     - - -  x x -
372  Funeral-900             COM,EXE             900     x - -  x - -
373  Funeral-921             COM,EXE             921     x - -  x - -
374  Jews-2339               COM,EXE SYS        2339     x - -  x - -
375  V-572                   EXE                 572     x - -  - - -
376  V-765                   EXE                 765     x - -  - - x
377  V-900                   EXE                 900     x - -  - x -
378  Christmas-868           COM,EXE             868     x - -  x x -
379  Reboot-715              COM                 715     - - -  - - -
380  Tim-1600-a              COM,EXE            1600     x - -  - - -
381  Crazy-1402              COM                1402     x - -  - - -
382  Crazy-1445              COM                1445     x - -  - - -
383  Cls-853                 COM,EXE             853     x - -  - x -
384  Prudents                EXE                1205     - - -  - - x
385  Sadist                  EXE                1434     - - -  - - -
386  Virus101                COM,EXE            2560     - - x  - x x
387  Vcomm-636               EXE                 636     - - -  - - -
388  Vcomm-637               EXE                 637     - - -  - - -
389  Flash-688               COM,EXE             688     x - -  - x -
390  Flash-695               COM,EXE             695     x - -  - x -
391  Saturday 14th           COM,EXE             669     x - -  - - x
392  Mstu-551                COM,EXE             551     - - -  - - -
393  Rust-1710               COM,EXE            1710     x x -  x - -
394  Pentagon                FBOOT              2048     x x -  - - -
395  Typo-867                COM                 867     - - -  - - -
396  Find-1575               COM,EXE            1575     x - -  - x -
397  VP-909                  COM                 909     - - -  - x -
398  Christmas-1539          COM                1539     - x -  - x x
399  Doom II                 COM,EXE            1240     x x -  - - x
400  Ninja                   COM,EXE            1376     x - -  - x x
401  Sum-1232                COM                1232     x - -  - - -
402  Sum-1233                COM                1233     x - -  - - -
403  Murphy-1008             EXE                1008     x - -  x - x
404  Murphy-1219             EXE                1219     x - -  x - x
405  Murphy-1221             EXE                1221     x - -  x - x
406  Murphy-1339             COM,EXE            1339     x - -  - x -
407  Murphy-1417             COM,EXE            1417     x - -  - x -
408  Oulu                    COM                1008     - x -  x x -
409  TraceBack-2930          COM,EXE            2930     x - -  - x -
410  Victor                  COM,EXE            2442     x - -  - - x
411  Loz-1882                COM,EXE            1882     x x -  - x x
412  Loz-1915                COM,EXE            1915     x x -  - x x
413  Loz-1958                COM,EXE            1958     x x -  - x x
414  Loz-2968                COM,EXE            2968     x x -  - x -
415  Loz-2970                COM,EXE            2970     x x -  - x -
416  Amz-801                 COM,EXE             801     - - -  - - x
417  Pascal-7808             COM,EXE            7808     - - -  - - -
418  Plastique-3012          COM,EXE            3012     x - -  x x x
419  Fu Manchu               COM,EXE            2080     x - -  - x -
420  ZipEater                COM,EXE            1984     x - -  - - x
421  Scott's Valley          COM,EXE            2126     x x -  - - -
422  V-1385                  COM,EXE            1385     x - -  - - x
423  XPEH-5808               COM,EXE            5808     x x -  - x -
424  Kylie                   COM,EXE            2272     x - -  x - -
425  Jerusalem-g             COM,EXE            1808     x - -  - x x
426  Spook                   FBOOT,MBR           512     x - -  - - -
427  Tiny-143-b              COM                 143     x - -  - - -
428  Mini-145-b              COM                 145     x - -  - - -
429  Mini-146                COM                 146     x - -  - - -
430  Mini-150                COM                 150     x - -  - - -
431  Whale                   COM,EXE            9216     x x -  - x -
432  Alive                   FBOOT,MBR           512     x - -  - - -
433  Mikola                  FBOOT,MBR           512     x - -  - - x
434  November7               FBOOT,MBR           512     x - -  - - x
435  Azusa-b                 FBOOT,MBR           512     x - -  - - -
436  Loa                     FBOOT,MBR           512     x - -  x - -
437  Near Dark-b             FBOOT,MBR           512     x - -  - x x
438  Generic                 FBOOT,MBR           512     x - -  - - -
439  V-512-g                 COM                 512     x - -  - - -
440  Hydra-340               COM                 340     - - -  - - -
441  Hydra-342               COM                 342     - - -  - - -
442  Hydra-343               COM                 343     - - -  - - -
443  Hydra-368               COM                 368     - - -  - - x
444  Hydra-372               COM                 372     - - -  - - x
445  Hydra-391               COM                 391     - - -  - - x
446  Hydra-403               COM                 403     - - -  - x -
447  Hydra-495               COM                 495     - - -  - x x
448  Hydra-736               COM                 736     - - -  - x -
449  Vienna-618              COM                 618     - - -  - - x
450  Vienna-1201             COM                1201     - - -  - - x
451  XPEH-5648               COM,EXE            5648     x x -  - x x
452  XPEH-5856               COM,EXE            5856     x x -  - x x
453  DrWatson                AUTOEXEC.BAT       1503     x - -  - x x
454  Sistor-1000             COM,EXE            1000     x - -  - - -
455  Sistor-2630             COM,EXE            2630     x - -  - x -
456  Mini-123                COM                 123     - - -  - - -
457  Mini-143                COM                 143     - - -  - - -
458  Small-108               COM                 108     x - -  - - -
459  Small-119               COM                 119     x - -  - - -
460  Small-127               COM                 127     x - -  - - -
461  Tiny-124                COM                 124     x - -  - - -
462  Tiny-126                COM                 126     x - -  - - -
463  Tim-1600-b              COM,EXE            1600     x - -  - x -
464  10past3                 COM                 748     x - -  - - -
465  Ieronim-512             COM                 512     x - -  - x -
466  Ieronim-560             COM                 560     x - -  - x -
467  Ieronim-600             COM                 600     x - -  - x -
468  Mini-127-a              COM                 127     - - -  - - -
469  Mini-127-b              COM                 127     - - -  - - -
470  Mini-163                COM                 163     - - -  - - -
471  Jerusalem-h             COM,EXE            1829     x - -  - x x
472  Atas-384                COM                 384     - - -  - x -
473  Atas-400                COM                 400     - - -  - x -
474  Atas-1268               COM                1268     x x -  - x -
475  Nina-1560               COM,EXE,SYS        1560     x - -  - - -
476  Adolf                   COM                 475     x - -  - - -
477  SVC-4677                MBR,COM,EXE,SYS    4677     x - -  - - -
478  Alex-368                COM                 368     - - -  - - -
479  Alex-818                EXE                 818     - - -  - x -
480  Plastique-3004          COM,EXE            3004     x - -  x x x
481  Crazy Eddie             MBR,COM,EXE        1647     x - -  - - x
482  Dima                    COM,EXE            1024     - - -  - x -
483  Topinka                 COM,EXE            1182     x - -  - - -
484  Problem-734             EXE                 734     x - -  - - -
485  Problem-856             COM,EXE             856     x - -  - - -
486  Milous                  COM,EXE            1163     x - -  - x -
487  Goga                    COM,EXE            1660     - - -  - - x
488  Simple                  COM                 424     - - -  - - -
489  Search-238              COM                 238     - - -  - - -
490  Search-377              COM                 377     - - -  - - x
491  Search-496              COM                 496     - - -  - x -
492  Uruk                    COM                 394     x - -  - x -
493  Klaeren                 COM,EXE             971     x x -  - x -
494  Beer-2850               COM,EXE            2850     x x -  x x -
495  LoveChild-2710          COM                2710     x - -  - x x
496  Driver-1024-b           COM,EXE            1024     x - -  - - -
497  Driver-1024-c           COM,EXE            1024     x - -  - - -
498  Driver-1024-d           COM,EXE            1024     x - -  - - x
499  Driver-1024-e           COM,EXE            1024     x - -  - - -
500  Driver-2048             COM,EXE            2048     x - -  x - -
501  Minimax                 COM                 122     - - -  - - -
502  Minzdrav-470            COM                 470     - - -  - x -
503  Tiny-178                COM                 178     x - -  - - -
504  Experiments-755         EXE                 755     - - -  - - -
505  Beer-2794               COM,EXE            2794     x x -  x x -
506  Service                 FBOOT,MBR           512     x - -  - - -
507  Wave-454                COM                 454     x - -  - x -
508  Bryansk-673             COM                 673     - - -  - - -
509  Bhorse                  FBOOT,MBR           512     x - -  - - -
510  Gkchp                   FBOOT,MBR           512     x - -  - - x
511  Lch15d                  FBOOT,MBR           512     x - -  - - x
512  Leszop                  FBOOT,MBR           512     x - -  - x -
513  Swedish                 FBOOT,MBR           512     x - -  - x -
514  Volgograd-a             FBOOT,MBR           512     x - -  - x -
515  Volgograd-b             FBOOT,MBR           512     x - -  - - -
516  Volgograd-c             FBOOT,MBR           512     x - -  - - x
517  Volgograd-d             FBOOT,MBR           512     x - -  - - x
518  Volgograd-e             FBOOT,MBR           512     x - -  - - x
519  Volgograd-f             FBOOT,MBR           512     x - -  - - x
520  Volgograd-g             FBOOT,MBR           512     x - -  - - x
521  Volgograd-h             FBOOT,MBR           512     x - -  - - x
522  Vienna-604              COM                 604     - - -  - - x
523  Experiment-416          COM                 416     - - -  - - -
524  Victory                 FBOOT,MBR          1024     x - -  - x -
525  Atas-3215               COM                3215     x x -  x x -
526  Atas-3233               COM                3233     x x -  x x -
527  Atas-3321               COM                3321     x x -  x x -
528  Tu-482                  COM                 482     x - -  - - -
529  Ionkin-231              COM                 231     - - -  - - -
530  Ionkin-2372             COM                2372     - - -  - x -
531  Kiwi-550                EXE                 550     x - -  - - -
532  Skew-469                EXE                 469     x - -  - x -
533  Small-140               COM                 140     x - -  - - -
534  Devil                   FBOOT,MBR           512     x - -  - x -
535  Volgograd-i             FBOOT,MBR           512     x - -  - - x
536  COMx                    FBOOT,MBR           512     x - -  - - -
537  TurboBasic              FBOOT,MBR           512     x - -  - - -
538  Zharinov                FBOOT,MBR           512     x - -  - x -
539  XPEH-4752               COM,EXE            4752     x x -  - x -
540  Gena                    FBOOT,MBR           512     x - -  - - x
541  Multi-2560-a            COM,EXE,SYS        2560     x - -  - - -
542  Small-123               COM                 123     x - -  - - -
543  Tiny-131                COM                 131     x - -  - - -
544  Multi-2560-b            COM,EXE,SYS        2560     x - -  - - -
545  Small-104               COM                 104     x - -  - - -
546  Tiny-110                COM                 110     x - -  - - -
──────────────────────────────┼───────────────────────────────┼───────
                              │                               │
                ──────────────┴───────────────             ───┴────
                BOOT  - Floppy Boot, Hard Boot             x  - yes
                FBOOT - Floppy Boot                        -  - no
                MBR   - Master Boot Record
                COM   - Com-files
                EXE   - Exe-files
                SYS   - Sys-files


Usage:

SYS:    DEVICE=[Path\]ANTIAPE.SYS [/N] [/R] [-[1]...[8]] (string in file
▀▀▀                                                       CONFIG.SYS)
        Option:   /N - negative installation (with SHIFT pressed),
                       default is "SHIFT pressed - NOT installed"
                  /R - russian. Default is english
                  -1...8 - disable tests #

Example: DEVICE=C:\ANTIVIR\ANTIAPE.SYS /R -258  - russian, disable tests 2,5,8

COM:    ANTIAPE [/A or /C] [/P] [/E or /R] [/S] path[\name] [path[\name]...]
▀▀▀
        Options:  /A - cure without request
                  /C - cure with request
                  /P[filename] - copy messages to file. Default is PRN
                  /E - english
                  /R - russian
                  /S - no sound

         Path - any DOS path. *: - all hard disks
         Name - wildcards *,? ok. Default is COM,EXE,SYS,BIN,OV* files

Examples: ANTIAPE /R *:\*.*  - test all files on all hard disks, russian
          ANTIAPE /A A: C:   - cure disks A:,C: without request
