%ИМЯ:        PU_1700F.COM
%АВТОР: Юрий И. Панков, тел.,
        Сергиев Посад, Московской обл.,
                        тел. (254)-400-71 (д).
%АННОТАЦИЯ: {PU_1700.COMF - новая версия драйвера}
%ВЕРСИЯ:     2.07
%СТАТУС:     FREEWARE
%ВЫПУСК:     по усмотрению редакции
%КАТАЛОГ:    PANKOV
%КЛУБ:       ASM
%ДАТА_СОЗДАНИЯ: 93-94 г




               Уважаемые читатели Софтпанорамы !
                 Вашему вниманию представлены:


- PU_1700F.COM - новая драйвера  ФОНОВОГО  форматирования дискет
                 стандартных и "нестандартных"  форматов.
                                      Версия 2.07 от 14.02.94 г.

                           и к нему:

- PU_1700F.BIN - оригинал BOOT-сектора дискеты.  "Медики" могут
                 заменить его на любой другой.
- PU_1700F.DOC - необходимая документация



     Уважаемые читатели Софтпанорамы! В этой, еще далекой от со-
вершенства версии драйвера, учтены только некоторые Ваши замеча-
ния и предложения.  Я по прежнему хочу обсудить дальнеейшее раз-
витие PU_1700F на страницах Софтпанорамы.  Поэтому от всех, кому
понравится  этот  драйвер,  жду КОНСТРУКТИВНЫХ предложений на ее
страницах,  по поводу того, каким бы им хотелось его видеть. Ка-
ким бы они хотели видеть диалог с пользователем, если видеомони-
тор работает в графическом режиме?  Нужна ли  фоновая  индикация
текущего  состояния фонового процесса и в каком виде.  И т.д.  и
т.п..
     Например, в версии 2.07 я ввел параметр /C7205=2 по  прось-
бам пользователей ЕС1840. Говорят, что "1840" не работает с фор-
матами дискет типа 720 килобайт,  у которых кластер  состоит  из
одного сектора - так мне об этом сообщили из ближнего зарубежья.
Сам я этого не видел и проверить это мне  негде.  Но  все  равно
ввел  возможность установки размера кластера в 2 сектора.  Рабо-
тайте на здоровье!  Возможно,  что подобный параметр нужен  и  в
PU_1700 ?
     Также, по замечаниям первых пользователей драйвера, введено
распознавание  смены формата носителя в дисководе после фонового
изготовления дискет.
     И последнее.  При работе с меню выбора формата имеются  до-
полнительные, нигде не описанные возможности и даже ошибки:
     - нажатие на клавишу "A" во всех меню эквивалентно  "выбору
       драйвера A";
     - нажатие на клавишу "B" во всех меню эквивалентно  "выбору
       драйвера B";
     - нажатие N формата во всех меню,  эквивалентно выбору дан-
       ного N формата + ???.



           С уважением к Вам             Панков Юрий Иванович
           г. Сергиев Посад                    14.02.94 г.
              (Загорск)                    телефон домашний:
                                              (254)-400-71


