BootChecker library: V2.06 05.02.92 (C) J.McArrow; 68 boots, 52 viruses.

      BOOTS

  Nr. Code Method Name
  --- ---- ------ ------------------------------

   1.  27  CRC   MS-DOS 1.00 format
   2.  34  CRC   MS-DOS 3.20 format
   3.  34  CRC   MS-DOS 3.20a format
   4.  34  CRC   MS-DOS 3.30 format
   5.  34  CRC   MS-DOS 3.30 (German) format
   6.  3C  CRC   MS-DOS 4.00 format
   7.  3C  CRC   MS-DOS 5.00 format
   8.  34  CRC   MS-DOS 3.20a non-standard
   9.  34  CRC   MS-DOS 3.20a IQ format
  10.  33  CRC   M-DOS 3.20 format
  11.  33  CRC   M-DOS 3.20 (German) format
  12.  34  CRC   M-DOS 3.30 format
  13.  27  CRC   IBM PC-DOS 1.00 format
  14.  2C  CRC   IBM PC-DOS 2.00 format
  15.  2A  CRC   IBM PC-DOS 3.00 format
  16.  29  CRC   IBM PC-DOS 3.10 format
  17.  34  CRC   IBM PC-DOS 3.20 format
  18.  34  CRC   IBM PC-DOS 3.20a format
  19.  34  CRC   IBM PC-DOS 3.30 format
  20.  3C  CRC   IBM PC-DOS 4.00 format
  21.  3C  CRC   IBM PC-DOS 5.00 format
  22.  29  CRC   KAN DOS 3.10 format
  23.  29  CRC   P-16 DOS 3.10 format
  24.  36  CRC   IBM PC-DOS 3.30 non-standard
  25.  34  CRC   DCP 3.3
  26.  28  CRC   COMPAQ DOS 3.31 format
  27.  28  CRC   COMPAQ DOS 3.31 non-standard
  28.  1C  CRC   COMPAQ setup diskette
  29.  40  CRC   DR-DOS 5.00 format
  30.  34  CRC   Norton Disk Doctor fix
  31.  2A  CRC   Norton Utilities 3.10
  32.  28  CRC   Peter Norton NU 4.5 SafeFormat
  33.  28  CRC   Peter Norton NU 5.0 SafeFormat
  34.  3E  CRC   PC Tools 4.x internal
  35.  29  CRC   PC Tools old internal
  36.  29  CRC   PC Tools old (Russian)
  37.  3E  CRC   PC Tools 6.0 internal
  38.  24  CRC   PC Tools 4.x PCFormat
  39.  3E  CRC   PC Tools 5 - 6 PCFormat
  40.  3E  CRC   PCFormat 5-6 (French)
  41.  43  sign  PC Tools 5.5 PCBackup non-DOS
  42.  3E  CRC   PC Tools 6.0 PCBackup non-DOS
  43.  3E  CRC   PC Tools 6.0 DiskFix
  44.  3E  CRC   PC Tools 4.x (Russian)
  45.  4A  CRC   XTree Pro Gold internal
  46.  83  CRC   ZDS 3.0
  47.  34  CRC   Chaplet Sys
  48.  3C  CRC   Vitamin B 1.0-1.1 for PC-DOS
  49.  3C  CRC   Vitamin B 1.0-1.1 for MS-DOS
  50.  3C  CRC   Vitamin B 1.0-1.1 for DR-DOS
  51.  3C  CRC   Vitamin B 1.2-1.3  A.Sessa
  52.  3C  CRC   Vitamin B 1.4-1.5  A.Sessa
  53.  42  CRC   Vitamin B 1.6-1.9  A.Sessa
  54.  3C  CRC   Vitamin B 1.6-1.9 for QD
  55.  3C  CRC   Sydex Con>Format
  56.  29  CRC   RCT Design Form360
  57.  24  CRC   HDFormat
  58.  40  CRC   FDFormat 1.8
  59.  40  CRC   FDFormat 1.8 (German)
  60.  1C  CRC   Elisoft DiskBoot
  61.  29  CRC   Gazelle
  62.  34  CRC   IBM MMED
  63.  FE  sign  Microsoft Windows
  64.  1E  CRC   ADM 1.00 non-bootable
  65.  --  sign  Virtual disk driver
  66.  FE  CRC   MSX DOS AX-350 (Z-80)
  67.  FE  CRC   MSX DOS YD-640 (Z-80)
  68.  FE  CRC   MSX DOS Speed boot 4.0 (Z-80)


      VIRUSES

  Nr. Code Method Name
  --- ---- ------ ------------------------------

  69.  05  CRC   Stoned (Marijuana)
  70.  05  CRC   Stoned Rostov
  71.  05  CRC   Stoned pupillary
  72.  A1  CRC   Sex Revolution V1.1
  73.  A1  CRC   Sex revolution V2.0
  74.  05  CRC   Near Dark A
  75.  05  CRC   Near Dark A (damaged)
  76.  05  CRC   Near Dark B
  77.  AC  CRC   March 6
  78.  AC  CRC   October 1
  79.  FF  CRC   Bloody A
  80.  FF  CRC   Bloody B
  81.  3C  CRC   Gelendzik
  82.  34  CRC   Dinamo
  83.  B9  CRC   Clock
  84.  9F  sign  Canadian (Empire)
  85.  05  CRC   Stoned (unknown)
  86.  FA  CRC   LoveChild b3
  87.  8B  CRC   Azusa (Abs-2)
  88.  8B  CRC   Azusa (reassembled)
  89.  34  CRC   Abs-3
  90.  1C  CRC   MPhTI B
  91.  1C  CRC   MPhTI A
  92.  21  CRC   Print Screen
  93.  1C  CRC   Italian Bouncing Ball
  94.  1C  CRC   Italian Ball (Modified)
  95.  1C  CRC   Italian Ball (Hacked)
  96.  EB  CRC   Disk Killer (Computer Ogre)
  97.  E9  sign  Pakistani Brain-86
  98.  E9  sign  Singapore Brain-88
  99.  E9  sign  Ashar
 100.  E9  sign  Brain (unknown)
 101.  29  sign  Den Zuk
 102.  29  sign  Ohio
 103.  1F  sign  Joshi
 104.  31  CRC   Alameda (Yale) M
 105.  FF  CRC   Track Swap
 106.  --  sign  Swap (Israeli Boot)
 107.  --  sign  Chaos
 108.  --  sign  LBC Korea
 109.  --  sign  EDV
 110.  34  sign  Pentagon
 111.  --  sign  Ghost
 112.  --  sign  Nicholos
 113.  34  CRC   AirCop
 114.  --  sign  FORM
 115.  --  sign  Mardi Bros
 116.  --  sign  Microbes
 117.  36  sign  Keydrop
 118.  3C  CRC   Olga
 119.  E9  sign  Music Bug
 120.  FE  CRC   I'm not dangerous (Z-80)
