                       McAfee VirusScan 2.2.5 for DOS


Packing List and Validation Codes       PACKING.LST
Introduction                            README.1ST

VirusScan Program                       SCAN.EXE
Virus Detection Data                    SCAN.DAT
Virus Clean Up Data                     CLEAN.DAT
Virus Names Data                        NAMES.DAT
Documentation for VirusScan             VIRUSCAN.TXT

Validate Program                        VALIDATE.EXE
Documentation for Validate              VALIDATE.TXT

Registration Information                REGISTER.TXT
License Agreements                      LICENSE.TXT
Listing of McAfee Authorized Agents     AGENTS.TXT
Free CompuServe Account Information     COMPUSER.TXT
BBS Zip File Identification             FILE_ID.DIZ
BBS Zip File Naming Conventions         FILENAME.TXT

Validation codes for the programs and Virus Data Files included
in this package:

 
SCAN     EXE    104034  08-17-95   2:25a   3C5E   B4A3
VALIDATE EXE     15958  08-17-95   2:25a   6371   071A
 
CLEAN    DAT     73629  08-17-95   2:25a   4A7B   719C
NAMES    DAT    175812  08-17-95   2:25a   CFDA   24F2
SCAN     DAT    174556  08-17-95   2:25a   3531   484D
 
