─ SU.BUSINESS ──────────────────────────────────────────────────── SU.BUSINESS ─
 Msg  : 187 of 233                                                              
 From : Gennady Bushuev             2:5020/105              29 May 92  15:31:00 
 To   : All                                                                     
 Subj : 386sx,386dx,486dx for sale                                              
────────────────────────────────────────────────────────────────────────────────
For sale 386sx-25,386dx-40,486dx-33, etc.
             We have the computer products below at our stock in
             Moscow (prices down up to date May,22nd,1992):
             Item                               Quantity  Price in
                                                         roubles per
        unit
        _________________________________________________________
        1. PC/AT 386SX-25, 1MB RAM                  4    200,000
           2S1P, 85MB (15ms) HDD, 1.2&1.44MB FDD,
           VGA-256KB, SVGA MON.,101 KEY L/C KB,
           MOUSE & MANUAL (speed CPU - 5 K,
    video speed - 19 K)
         .
        2. PC/AT 386SX-25, 2MB RAM,                 5    250,000
           2S1P, 125MB (15ms) HDD, 1.2&1.44MB FDD,
           SVGA-512K, SVGA MON.,101 KEY L/C KB,
           MOUSE & MANUAL (speed CPU - 5 K,
    video speed - 19 K)
         .
        3. PC/AT 386DX-40, 64 K cache,
    2MB RAM, 2S1P, 201MB (15 ms) HDD,
           1.2&1.44MB FDD,                           5    320,000
           SVGA-512KB, SVGA MON, 101 KEY L/C KB,
           MOUSE & MANUAL (speed CPU - 15K,
    video speed - 47 K)
         .
        4. PC/AT 486-33,FULL TWR, 256K CACHE,
           4MB RAM, 2S1P, 201MB (15ms) HDD,
           1.2&1.44MB FDD, SVGA-512KB, SVGA MON,
           101 KEY L/C KB, MOUSE & MANUAL
           (speed CPU -23K, video speed - 95K,
            math. speed - 5700 K)                    2    430,000
 5. FAX with telephone and autoanswering
    system Panasonic KXF-90B      12    125,000
 6. ---"--- Panasonic KXF-50B       4    103,000
        ________________________________________________________
      Coprocessors, printers, memory upgrade - optional.
      No extra tax fee required.
             Hard currency or mixed payments available.
      Discount will be made for those purchasing total stock.
             For details call Gennady Bushuev : (095) 348-8524.

--- Maximus 2.00
 * Origin: Communication Business Line (2:5020/105)

