─ SU.BUSINESS ──────────────────────────────────────────────────── SU.BUSINESS ─
 Msg  : 42 of 233                                                               
 From : Dmitry Shirnin              2:5030/14.21            12 May 92  18:08:00 
 To   : All                                                                     
 Subj : Sale AT-286 & AT-386 HЕДОРОГО !                                         
────────────────────────────────────────────────────────────────────────────────
Фирма "РТК" предлагает в любом количестве (1-100 шт):

ЖИВЫЕ AT-286

         286/287, 16Mhz ,1M RAM, 40M HD, VGA без принтера

                                 Цена - 170 т.р. безнал
                                 HДС включен

ЖИВЫЕ AT-386

        386DX/387, 25 Mhz, 4M RAM, 120M HD, VGA без принтера

                                 Цена - 260 т.р. безнал
                                 HДС включен

ЖИВЫЕ AT-486

       486, 33Mhz, Cache 256K, 16M RAM, 320M HD, VGA без принтера

                                 Цена - 540 т.р. безнал
                                 HДС включен


Возможна докомплектация принтером Microline или EPSON за доп. плату.

Обращаться по тел (812)104-1827  с 12:00 до 21:30 (раб)
                  (812)352-1865  с 22:00 до 24:00 (дом)
                  (812)104-1835   RTK Channel BBS 24h

                      Ширнин Дмитрий Анатольевич

/Dimon

--- Gold Editor 2.40+
 * Origin:  ░▒▓ RTK Channel BBS 24h * (812) 104-1835 ▓▒░ (2:5030/14.21)

