PACKED.LST                                                     06-21-95

Дистрибутив ARCView содержит следующие файлы:

┌── Name ──┐ ┌─ Description ────────────────────────────┐
ARCVIEW.EXE  Собственно ARCView
ATTENTIO.N!! Обязательно прочтите этот файл!
ARCVIEW.ENG  Английская версия документации к ARCView
ARCVIEW.DOC  Документация к ARCView
LICENSE.DOC  Лицензионное соглашение
WHATSNEW.DOC Что нового появилось в ARCView
ARCVIEW.EXT  Файл расширений для вьеров к ARCView
ARCVIEW.EDT  Файл расширений для редакторов к ARCView
ARCINST.EXE  Программа инсталяции
ARCV_CLR.EXE Программа настройки цветов
ARC_NC4.ZIP  Программа А.Шамарокова для любителей 4-го Нортона.
PACKED.LST   Это именно то, что Вы сейчас читаете... :-)

Если вы хотите убедится в целостности дистрибутива, попавшего к вам, то
протестируйте архив : pkunzip.exe -t arcv_7_1.zip.

Вот что должно у вас получится:

=======================================================================
PKUNZIP (R)    FAST!    Extract Utility    Version 2.04g  02-01-93
Copr. 1989-1993 PKWARE Inc. All Rights Reserved. Registered version
PKUNZIP Reg. U.S. Pat. and Tm. Off.

■ 80486 CPU detected.
■ XMS version 3.00 detected.

Searching ZIP: ARCV_7_1.ZIP
[комментарий пропущен]
Testing: ARCVIEW.EXE   OK -AV
Testing: ATTENTION.N!! OK -AV
Testing: ARCVIEW.ENG   OK -AV
Testing: ARCVIEW.DOC   OK -AV
Testing: LICENSE.DOC   OK -AV
Testing: WHATSNEW.DOC  OK -AV
Testing: ARCVIEW.EXT   OK -AV
Testing: ARCVIEW.EDT   OK -AV
Testing: ARCINST.EXE   OK -AV
Testing: ARCV_CLR.EXE  OK -AV
Testing: ARC_NC4.ZIP   OK -AV
Testing: PACKED.LST    OK -AV

Authentic files Verified!   # ARC073
Sergdesign

=======================================================================

Фраза "Authentic files Verified!   # ARC073   Sergdesign" означает, что
архив никем не менялся (при этом КАЖДЫЙ файл архива должен быть помечен
значком "-AV").  Отсуствие этой фразы, или значка "-AV" у какого-нибудь
из файлов означает,  что целостность архива была нарушена и мы не можем
гарантировать, что Вы получили именно то, что хотели.

End PACKED.LST
