

                СПИСОК ЗАРЕГИСТРИОВАННЫХ ПОЛЬЗОВАТЕЛЕЙ
                          Parity Computing
                     ( состояние на 25.09.91 )

═════════════════════════════╤══════╦═══════════════════════════════╤══════
  Фамилия И.О. пользователя, │ Рег. ║   Фамилия И.О. пользователя,  │ Рег.
  город                      │номер ║   город                       │номер
═════════════════════════════╪══════╬═══════════════════════════════╪══════
  Nemo (Львов)               │   8  ║   Клюшин А.Ю. (Астрахань)     │  32
  Алпатов А.В. (Волгоград)   │  48  ║   Колесников Ю.Н. (Череповец) │   6
  Баев И.Г. (Пермь)          │  36  ║   Криворучко К.А. (Минск)     │  23
  Белобраш Ю.А. (Москва)     │  26  ║   Кривошеев О.Э. (Томск)      │  11
  Белоус Ю.И. (Краматорск)   │  15  ║   Курковский С.А. (Москва)    │   4
  Бендерский В. (Томск)      │  17  ║   Лапшов (Тольятти)           │  39
  Богданцев Е.В. (Кривой Рог)│  28  ║   Лепехин А.И. (Москва)       │  37
  Брусенцов В.К. (Самара)    │  42  ║   Липовский Ю.Л.(Новочеркасск)│  19
  Бунаков М.А. (Челябинск)   │  35  ║   Лисовский П.С. (Калининград)│  33
  Васильев А.С. (Химки)      │   1  ║   Литвинов А.В. (Болшево)     │  24
  Васильев Д.Г. (Волгоград)  │   5  ║   Мищенко М.С. (Ленинград)    │  41
  Ващенко А.М. (Киев)        │  43  ║   НПО "Сириус" (Харьков)      │  40
  Власюк М.И. (Киев)         │  18  ║   Панфилкин М.Б. (Москва)     │   7
  Габунов С.В. (Душанбе)     │  31  ║   Пензин М.Ю. (Иркутск)       │  12
  Голубев В.А. (Кулебаки)    │  20  ║   Петрова Л.А. (Минск)        │  21
  Гуля А.В. (Днепропетровск) │   3  ║   Порохняк А.О. (Харьков)     │  34
  Гурин С. (Томск)           │  16  ║   Смирнов Л.Н. (Тверь)        │   2
  Давыдов В.В. (Таганрог)    │  46  ║   Тохтуев А. (Киев)           │   9
  Дзюба В.П. (Киев)          │  44  ║   Трошин М. (Краснодар)       │  25
  Зайцев А.И. (Симферополь)  │  38  ║   Фадеев К.А. (Саратов)       │  14
  Захаренков А.С. (Киев)     │  13  ║   Фаизов Р.Р. (Уфа)           │  27
  Зельдес Л.Н. (Харьков)     │  10  ║   Фещенко А.Н. (Киев)         │  47
  Иванов В.К. (Долгопрудный) │  45  ║   Хозяинов В.М. (Москва)      │  30
  Китаев А. (Пенза)          │  22  ║   Шаталюк А.Б. (Хмельницкий)  │  29
═════════════════════════════╧══════╩═══════════════════════════════╧══════

NB:    Если Вы высылали перевод за BGIFONTS до 15.09.91, но Ваша фамилия 
отсутствует в списке, обратитесь на почту с требованием розыска перевода.
Все имеющиеся у автора переводы отражены в СПИСКЕ.

В крайнем(!) случае обращайтесь по телефону (Харьков)33-47-79 (9.00-10.00).















