BootChecker library: V2.04 25.12.91 (C) J.McArrow; 60 boots, 47 viruses.

      BOOTS

  Nr. Code Method Name
  --- ---- ------ ------------------------------

   1.  27  CRC   MS-DOS 1.00 format
   2.  34  CRC   MS-DOS 3.20 format
   3.  34  CRC   MS-DOS 3.20a format
   4.  34  CRC   MS-DOS 3.30 format
   5.  34  CRC   MS-DOS 3.30 (German) format
   6.  3C  CRC   MS-DOS 4.00 format
   7.  3C  CRC   MS-DOS 5.00 format
   8.  34  CRC   MS-DOS 3.20a non-standard
   9.  34  CRC   MS-DOS 3.20a IQ format
  10.  33  CRC   M-DOS 3.20 format
  11.  33  CRC   M-DOS 3.20 (German) format
  12.  34  CRC   M-DOS 3.30 format
  13.  27  CRC   IBM PC-DOS 1.00 format
  14.  2C  CRC   IBM PC-DOS 2.00 format
  15.  2A  CRC   IBM PC-DOS 3.00 format
  16.  29  CRC   IBM PC-DOS 3.10 format
  17.  34  CRC   IBM PC-DOS 3.20 format
  18.  34  CRC   IBM PC-DOS 3.20a format
  19.  34  CRC   IBM PC-DOS 3.30 format
  20.  3C  CRC   IBM PC-DOS 4.00 format
  21.  3C  CRC   IBM PC-DOS 5.00 format
  22.  29  CRC   KAN DOS 3.10 format
  23.  29  CRC   P-16 DOS 3.10 format
  24.  36  CRC   IBM PC-DOS 3.30 non-standard
  25.  28  CRC   COMPAQ DOS 3.31 format
  26.  28  CRC   COMPAQ DOS 3.31 non-standard
  27.  1C  CRC   COMPAQ setup diskette
  28.  40  CRC   DR-DOS 5.00 format
  29.  34  CRC   Norton Disk Doctor fix
  30.  2A  CRC   Norton Utilities 3.10
  31.  28  CRC   Peter Norton NU 4.5 SafeFormat
  32.  28  CRC   Peter Norton NU 5.0 SafeFormat
  33.  3E  CRC   PC Tools 4.x internal
  34.  29  CRC   PC Tools old internal
  35.  3E  CRC   PC Tools 6.0 internal
  36.  24  CRC   PC Tools 4.x PCFormat
  37.  3E  CRC   PC Tools 5 - 6 PCFormat
  38.  43  sign  PC Tools 5.5 PCBackup non-DOS
  39.  3E  CRC   PC Tools 6.0 PCBackup non-DOS
  40.  3E  CRC   PC Tools 6.0 DiskFix
  41.  3E  CRC   PC Tools 4.x (Russian)
  42.  4A  CRC   XTree Pro Gold internal
  43.  83  CRC   ZDS 3.0
  44.  34  CRC   Chaplet Sys
  45.  3C  CRC   Sydex Con>Format
  46.  29  CRC   RCT Design Form360
  47.  24  CRC   HDFormat
  48.  29  CRC   Gazelle
  49.  34  CRC   IBM MMED
  50.  FE  sign  Microsoft Windows
  51.  1E  CRC   ADM 1.00 non-bootable
  52.  00  sign  Virtual disk driver
  53.  3C  CRC   Vitamin B 1.0 for PC-DOS
  54.  3C  CRC   Vitamin B 1.0 for MS-DOS
  55.  3C  CRC   Vitamin B 1.0 for DR-DOS
  56.  3C  CRC   Vitamin B 1.3  A.Sessa
  57.  3C  CRC   Vitamin B 1.5  A.Sessa
  58.  FE  CRC   MSX DOS AX-350 (Z-80)
  59.  FE  CRC   MSX DOS YD-640 (Z-80)
  60.  FE  CRC   MSX DOS Speed boot 4.0 (Z-80)


      VIRUSES

  Nr. Code Method Name
  --- ---- ------ ------------------------------

  61.  05  CRC   Stoned (Marijuana)
  62.  05  CRC   Stoned Rostov
  63.  05  CRC   Near Dark A
  64.  05  CRC   Near Dark A (damaged)
  65.  05  CRC   Near Dark B
  66.  AC  CRC   March 6
  67.  AC  CRC   March 6 (Oct.1)
  68.  FF  CRC   Bloody A
  69.  FF  CRC   Bloody B
  70.  3C  CRC   Gelendzik
  71.  B9  CRC   Clock
  72.  05  CRC   Stoned (unknown)
  73.  FA  CRC   LoveChild b3
  74.  8B  CRC   Azusa (Abs-2)
  75.  8B  CRC   Azusa (reassembled)
  76.  34  CRC   Abs-3
  77.  1C  CRC   MPhTI A
  78.  1C  CRC   MPhTI B
  79.  --  sign  Print Screen A
  80.  21  CRC   Print Screen B
  81.  1C  CRC   Italian Bouncing Ball
  82.  1C  CRC   Italian Ball (Modified)
  83.  1C  CRC   Italian Ball (Hacked)
  84.  EB  CRC   Disk Killer (Computer Ogre)
  85.  E9  sign  Pakistani Brain-86
  86.  E9  sign  Singapore Brain-88
  87.  E9  sign  Ashar
  88.  E9  sign  Brain (unknown)
  89.  29  sign  Den Zuk
  90.  29  sign  Ohio
  91.  1F  sign  Joshi
  92.  --  sign  Alameda (Yale)
  93.  --  sign  Swap (Israeli Boot)
  94.  --  sign  Chaos
  95.  --  sign  LBC Korea
  96.  --  sign  EDV
  97.  34  sign  Pentagon
  98.  --  sign  Ghost
  99.  --  sign  Nicholos
 100.  34  sign  AirCop
 101.  --  sign  FORM
 102.  --  sign  Mardi Bros
 103.  --  sign  Microbes
 104.  36  sign  Keydrop
 105.  3C  CRC   Olga
 106.  E9  sign  Music Bug
 107.  FE  CRC   I'm not dangerous (Z-80)
