FILE NAME	SIZE   DATE	 TIME  DESCRIPTION
--------------------------------------------------------------------------------
mid-east.r13    59773  20 07 92   1:40 Tips&Facts of the Mid-east. (Rot13 form)
unrot13.bat       185  17 07 92   1:40 Create MID-EAST.MBX from MID-EAST.R13
prtip.bat         138  10 05 92   1:40 Batch file for printing MID-EAST.MBX
printdoc.bat       65  10 05 92   1:40 Batch file for printing TERSE.DOC
tt.bat           1422  12 05 92   1:40 Call terse on multiple files/wildecards
ttalias.btm       144   7 07 92   1:40 Demo: make 4DOS aliases for terse
_desc.btm        3060  20 07 92   1:40 Create 4DOS desc. for TERSE distribution
t.com            4096  20 07 92   1:40 The TERSE programmer's editor
tkeys.com        8658  20 07 92   1:40 Keyboard configuration for t.com
tconfig.com      7988  20 07 92   1:40 Configures t.com
s.com            5183  20 07 92   1:40 SLIM Editor. Extended Terse
skeys.com        8858  20 07 92   1:40 Keyboard configuration for s.com
sconfig.com      8020  20 07 92   1:40 Configures s.com
h.com            4772  20 07 92   1:40 SLIM Editor for the HP95lx palmtop
hkeys.com        8858  20 07 92   1:40 Keyboard configuration for h.com
hconfig.com      8020  20 07 92   1:40 Configures h.com
l.com            3072  20 07 92   1:40 The LEAN file lister
lkeys.com        8322  20 07 92   1:40 Keyboard configuration for l.com
lconfig.com      7972  20 07 92   1:40 Configures l.com
terse.doc       44571  20 07 92   1:40 Documentation file for TERSE
rot13.com        2400  18 07 92   1:40 A ``rotate 13'' filter
cat.com          2388  17 07 92   1:40 Concatenate files. Like UNIX cat
lf.com           9346   7 01 92   1:40 DOS to UNIX text file translation prog.
crlf.com         9408   7 01 92   1:40 UNIX to DOS text file translation prog.
quote.com        4882  18 07 92   1:40 Quote text by prependin '> ' to lines
wc.com           4490  17 07 92   1:40 Count lines, words, chars. Like UNIX wc
loadfont.com    11416   4 05 91   1:40 Load a user defined font to EGA/VGA
withfont.com     7796  19 03 92   1:40 Run prog. with a user defined E/VGA font
charset.com      2968  31 05 91   1:40 Display the currently loaded font
binaryed.f14     3584  17 07 92   1:40 14x8 font useful in editing binary files
esc.com            27  20 07 92   1:40 Send ESC+args; to cls C:\DOS> esc [2J
bigc.com           12  20 07 92   1:40 Sets a large cursor (for use on palmtops
litc.com           12  20 07 92   1:40 Sets a little cursor (for use on palmtop
mxify.com        1072  17 03 92   1:40 Makes editors work in EMACS style
lptstat.com       482   6 07 92   1:40 Displays current printer status
nfmt.zip        32450  20 07 92   1:40 UNIX fmt-like text formatter inc src.
files.lst        2968  20 07 92  21:52 List of files in this distribution
================================================================================
Total          288878                  37 files
