!README         Last-minute info
!ORDER.FRM      Ruckus toolkit shareware order form for Check/Cash/MoneyOrder
!ORDER.CC       Ruckus toolkit shareware order form for Credit Cards
!ERRCODE.LST    List of Ruckus error codes
!PACKING.LST    List of distribution files

INSTALL.BAT     Run this to install the library files
INSTRUCK.EXE    Installation program used by INSTALL.BAT and INSTALLB.BAT
RUCKDAC.LI_     Raw Ruckus-DAC library file
RUCKMIDI.LI_    Raw Ruckus-MIDI library file
RUCKDAC.H       Ruckus-DAC header file (RUCKDAC?.LIB)
RUCKMIDI.H      Ruckus-MIDI header file (RUCKMID?.LIB)
NOATEXIT.OBJ    Stub module for systems without _atexit support

BORLAND.ZIP     If using ANY Borland C/C++ compiler this patch must be run
.\README.BOR    Documentation on the Borland files
.\INSTALLB.BAT  Creates Borland files: RUCKDACL.LIB and RUCKMIDL.LIB
.\RUCKDACL.LI_  Raw Ruckus-DAC library file used for Borland C/C++ install
.\RUCKMIDL.LI_  Raw Ruckus-MIDI library file used for Borland C/C++ install
.\DACMEMBC.OBJ  Replacement module for DACMEM.OBJ  | ???MEMBC.* are for
.\MIDMEMBC.OBJ  Replacement module for MIDIMEM.OBJ | informational use
.\DACMEMBC.ASM  source to DACMEMBC.OBJ             | and are not required
.\MIDMEMBC.ASM  Source to MIDMEMBC.OBJ             | for installb.bat
.\*.PRJ         Project files to the files in RUCK_SRC.ZIP

RUCKDAC.DOC     Documentation on using the Ruckus-DAC 1.0 toolkit (R1)
RUCKMIDI.DOC    Documentation on using the Ruckus-MIDI 1.0 toolkit (R1)

RUCK_SRC.ZIP    Ruckus source examples and make files

MODAC110.ZIP
.\MODAC110.EXE  Digital VOC/WAVE and MOD file player/record (shareware)
.\MODAC110.DOC  Documentation on using MODAC.EXE
CHIMPS1.ZIP
.\CHIMPS1.EXE   MIDI playback demo (freeware)
R2_DEMOS.ZIP    Demonstration of "in-the-works" stuff (GUS+OPL2/3)

IBK2RUCK.EXE    Convert Cakewalk AdLib timbre data to Ruckus-MIDI format
IBK2RUCK.DOC    Documentation on using IBK2RUCK.EXE
ROL2MIDI.EXE    Converts AdLib .ROL to Ruckus-MIDI usable format
JAZZ.MID        Sample General MIDI sequenced MIDI file
SMOKE.MOD       Sample Mod (Amiga Module File) file
HAL.VOC         Sample VOC file
TRAIN.WAV       Sample WAVE file

FILE_ID.DIZ     Used by many BBS file systems for automatic description entry
