File_id.diz
ReadMe.txt
Descript.ion
Far_Site.txt
License.txt
Far.exe
Make
FarEng.hlf
FarEng.lng
FarRus.hlf
PlugDoc.rar
FarRus.lng
Far.ico
Addons
Plugins
Uninstall.exe
SaveSettings.bat
RestoreSettings.bat
WhatsNew.txt
Uninstall.lst
FarFAQ.txt
Addons\Macros
Addons\Archivers
Addons\Readme.txt
Addons\Tables
Addons\Descript.ion
Addons\Archivers\Descript.ion
Addons\Archivers\InfoZIP.reg
Addons\Archivers\rar32.reg
Addons\Macros\CtrlLeft.reg
Addons\Macros\CtrlRight.reg
Addons\Macros\Descript.ion
Addons\Macros\AltBS.reg
Addons\Macros\Esc.reg
Addons\Macros\Del.reg
Addons\Macros\BS.reg
Addons\Macros\Space.reg
Addons\Macros\Numpad.reg
Addons\Macros\F9Table.reg
Addons\Macros\AltScreens.reg
Addons\Tables\Descript.ion
Addons\Tables\Readme.txt
Addons\Tables\Russian
Addons\Tables\Russian\CP-1251.reg
Addons\Tables\Russian\Descript.ion
Addons\Tables\Russian\Dist.Rus.reg
Addons\Tables\Russian\ISO 8859-5.reg
Addons\Tables\Russian\KOI-8.reg
Plugins\MultiArc
Plugins\FTP
Plugins\FileCase
Plugins\Network
Plugins\TmpPanel
Plugins\FileCase\filecase.dll
Plugins\FileCase\CaseEng.hlf
Plugins\FileCase\CaseEng.lng
Plugins\FileCase\CaseRus.hlf
Plugins\FileCase\CaseRus.lng
Plugins\FTP\farftp.dll
Plugins\FTP\FtpEng.lng
Plugins\FTP\FtpRus.lng
Plugins\FTP\FtpEng.hlf
Plugins\FTP\FtpRus.hlf
Plugins\MultiArc\multiarc.dll
Plugins\MultiArc\ArcEng.lng
Plugins\MultiArc\Formats
Plugins\MultiArc\ArcEng.hlf
Plugins\MultiArc\ArcRus.hlf
Plugins\MultiArc\ArcRus.lng
Plugins\MultiArc\Formats\HA.FMT
Plugins\MultiArc\Formats\ZIP.FMT
Plugins\MultiArc\Formats\ARJ.FMT
Plugins\MultiArc\Formats\RAR.FMT
Plugins\MultiArc\Formats\LZH.FMT
Plugins\MultiArc\Formats\targz.fmt
Plugins\MultiArc\Formats\cab.fmt
Plugins\MultiArc\Formats\custom.fmt
Plugins\MultiArc\Formats\custom.ini
Plugins\Network\network.dll
Plugins\Network\NetEng.lng
Plugins\Network\NetEng.hlf
Plugins\Network\NetRus.hlf
Plugins\Network\NetRus.lng
Plugins\TmpPanel\tmppanel.dll
Plugins\TmpPanel\TmpEng.lng
Plugins\TmpPanel\TmpEng.hlf
Plugins\TmpPanel\TmpRus.hlf
Plugins\TmpPanel\TmpRus.lng
