BootChecker library: V2.10 20.04.92 (C) J.McArrow; 85 boots, 68 viruses.

      BOOTS

  Nr. Code Method Name
  --- ---- ------ ------------------------------

   1.  27  CRC   MS-DOS 1.00 format
   2.  34  CRC   MS-DOS 3.20 format
   3.  34  CRC   MS-DOS 3.20a format
   4.  34  CRC   MS-DOS 3.20a (Russian) format
   5.  34  CRC   MS-DOS 3.30 format
   6.  34  CRC   MS-DOS 3.30 (German) format
   7.  3C  CRC   MS-DOS 4.00 format
   8.  3C  CRC   MS-DOS 5.00 format
   9.  34  CRC   MS-DOS 3.20a non-standard
  10.  34  CRC   MS-DOS 3.20a IQ format
  11.  33  CRC   M-DOS 3.20 format
  12.  33  CRC   M-DOS 3.20 (German) format
  13.  34  CRC   M-DOS 3.30 format
  14.  27  CRC   IBM PC-DOS 1.00 format
  15.  2C  CRC   IBM PC-DOS 2.00 format
  16.  2A  CRC   IBM PC-DOS 3.00 format
  17.  29  CRC   IBM PC-DOS 3.10 format
  18.  34  CRC   IBM PC-DOS 3.20 format
  19.  34  CRC   IBM PC-DOS 3.20a format
  20.  34  CRC   IBM PC-DOS 3.30 format
  21.  3C  CRC   IBM PC-DOS 4.00 format
  22.  3C  CRC   IBM PC-DOS 5.00 format
  23.  29  CRC   KAN DOS 3.10 format
  24.  29  CRC   P-16 DOS 3.10 format
  25.  36  CRC   PC-DOS 3.30 non-standard 1
  26.  34  CRC   PC-DOS 3.30 non-standard 2
  27.  34  CRC   SPS 3.30 format
  28.  34  CRC   DCP 3.30 format
  29.  35  CRC   COMPAQ DOS 2.11 format
  30.  28  CRC   COMPAQ DOS 3.31 format
  31.  28  CRC   COMPAQ DOS 3.31 non-standard
  32.  1C  CRC   COMPAQ setup diskette
  33.  40  CRC   DR-DOS 5.00 format
  34.  3F  CRC   DR-DOS 6.00 format
  35.  29  CRC   OS/2 V1.2 format
  36.  3C  CRC   OS/2 V1.3 format
  37.  34  CRC   Norton Disk Doctor fix
  38.  2A  CRC   Norton Utilities 3.10
  39.  28  CRC   Peter Norton NU 4.5 SafeFormat
  40.  28  CRC   Peter Norton NU 4.5 SafeFormat (Russian)
  41.  28  CRC   Peter Norton NU 5.0 SafeFormat
  42.  3E  CRC   PC Tools 4.x internal
  43.  29  CRC   PC Tools old internal
  44.  29  CRC   PC Tools old (Russian)
  45.  3E  CRC   PC Tools 6.0 internal
  46.  24  CRC   PC Tools 4.x PCFormat
  47.  3E  CRC   PC Tools 5 - 6 PCFormat
  48.  3E  CRC   PCFormat 5-6 (French)
  49.  3E  CRC   PC Tools 7.0 PCFormat
  50.  43  sign  PC Tools 5.5 PCBackup non-DOS
  51.  3E  CRC   PC Tools 6.0 PCBackup non-DOS
  52.  3E  CRC   PC Tools 7.0 CPBackup non-DOS
  53.  3E  CRC   PC Tools 6.0 - 7.0 DiskFix
  54.  3E  CRC   PC Tools 4.x (Russian)
  55.  4A  CRC   XTree Pro Gold internal
  56.  83  CRC   ZDS 3.0
  57.  2A  CRC   T-format 3.30
  58.  3D  CRC   TSL 4.0
  59.  34  CRC   Chaplet Sys
  60.  3C  CRC   Vitamin B 1.0-1.1 for PC-DOS  A.Sessa
  61.  3C  CRC   Vitamin B 1.0-1.1 for MS-DOS  A.Sessa
  62.  3C  CRC   Vitamin B 1.0-1.1 for DR-DOS  A.Sessa
  63.  3C  CRC   Vitamin B 1.2-1.3  A.Sessa
  64.  3C  CRC   Vitamin B 1.4-1.5  A.Sessa
  65.  42  CRC   Vitamin B 1.6-1.9  A.Sessa
  66.  3C  CRC   Vitamin B 1.6-1.9 for QD  A.Sessa
  67.  3C  CRC   Sydex Con>Format
  68.  29  CRC   RCT Design Form360
  69.  24  CRC   HDFormat
  70.  40  CRC   FDFormat 1.8
  71.  40  CRC   FDFormat 1.8 (German)
  72.  1C  CRC   Elisoft DiskBoot
  73.  66  CRC   Boot-B (S.Numbers)
  74.  29  CRC   Gazelle
  75.  34  CRC   IBM MMED
  76.  39  CRC   SRFormat
  77.  1C  CRC   CAM-88
  78.  1C  CRC   CAM-88 (damaged)
  79.  C0  CRC   CAM (old)
  80.  FE  sign  Microsoft Windows
  81.  1E  CRC   ADM 1.00 non-bootable
  82.  00  sign  Virtual disk driver
  83.  FE  CRC   MSX DOS AX-350 (Z-80)
  84.  FE  CRC   MSX DOS YD-640 (Z-80)
  85.  FE  CRC   MSX DOS Speed boot 4.0 (Z-80)


      VIRUSES

  Nr. Code Method Name
  --- ---- ------ ------------------------------

  86.  05  CRC   Stoned (Marijuana) 1
  87.  05  CRC   Stoned (Marijuana) 2
  88.  05  CRC   Stoned Rostov
  89.  05  CRC   Mikola 1.13
  90.  05  CRC   Stoned pupillary
  91.  A1  CRC   Sex Revolution V1.1
  92.  A1  CRC   Sex Revolution V2.0
  93.  05  CRC   Near Dark A
  94.  05  CRC   Near Dark A (damaged)
  95.  05  CRC   Near Dark B
  96.  AC  CRC   March 6
  97.  AC  CRC   October 1
  98.  FF  CRC   Bloody A
  99.  FF  CRC   Bloody B
 100.  3C  CRC   Gelendzik
 101.  34  CRC   Dinamo
 102.  B9  CRC   Clock
 103.  9F  sign  Canadian (Empire)
 104.  0E  CRC   Alive
 105.  05  CRC   Stoned (unknown)
 106.  FA  CRC   LoveChild b3
 107.  8B  CRC   Azusa (Abs-2)
 108.  8B  CRC   Azusa (reassembled)
 109.  34  CRC   Abs-3
 110.  1C  CRC   MPhTI B
 111.  1C  CRC   MPhTI A
 112.  21  CRC   Print Screen
 113.  1C  CRC   Italian Bouncing Ball
 114.  1C  CRC   Italian Ball (Modified)
 115.  1C  CRC   Italian Ball (Hacked)
 116.  1C  CRC   Typo
 117.  EB  CRC   Disk Killer (Computer Ogre)
 118.  E9  sign  Pakistani Brain-86
 119.  E9  sign  Singapore Brain-88
 120.  E9  sign  Ashar
 121.  E9  sign  Brain (unknown)
 122.  29  sign  Den Zuk
 123.  29  sign  Ohio
 124.  1F  sign  Joshi
 125.  31  CRC   Alameda (Yale) M
 126.  31  sign  Alameda (Yale)
 127.  FF  CRC   Track Swap
 128.  --  sign  Swap (Israeli Boot)
 129.  --  sign  Chaos
 130.  --  sign  LBC Korea
 131.  --  sign  EDV
 132.  34  sign  Pentagon
 133.  --  sign  Ghost
 134.  --  sign  Nicholos
 135.  34  CRC   AirCop
 136.  --  sign  FORM
 137.  --  sign  Mardi Bros
 138.  --  sign  Microbes
 139.  36  sign  Keydrop
 140.  3C  CRC   Olga
 141.  E9  sign  Music Bug
 142.  1C  CRC   Anti-Telefonic
 143.  22  CRC   Loa Duong
 144.  3C  CRC   Spook 1.0
 145.  33  CRC   November 7
 146.  --  sign  Filler
 147.  48  CRC   BootEXE-452  (FILE-BOOT)
 148.  49  CRC   BootEXE-451  (FILE-BOOT)
 149.  9C  CRC   Invader A  (FILE-BOOT)
 150.  9C  CRC   Invader B  (FILE-BOOT)
 151.  9C  CRC   Invader C  (FILE-BOOT)
 152.  33  CRC   Frodo  (FILE-BOOT)
 153.  FE  CRC   I'm not dangerous (Z-80)
