BootChecker library: V2.14 25.08.92 (C) J.McArrow; 98 boots, 84 viruses.

      BOOTS

  Nr. Code Method Name
  --- ---- ------ ------------------------------

   1.  27  CRC   MS-DOS 1.00 format
   2.  34  CRC   MS-DOS 3.20 format
   3.  34  CRC   MS-DOS 3.20a format
   4.  34  CRC   MS-DOS 3.20a (Russian) format
   5.  34  CRC   MS-DOS 3.30 format
   6.  34  CRC   MS-DOS 3.30 (German) format
   7.  3C  CRC   MS-DOS 4.00 format
   8.  3C  CRC   MS-DOS 5.00 format
   9.  34  CRC   MS-DOS 3.20a non-standard
  10.  34  CRC   MS-DOS 3.20a IQ format
  11.  34  CRC   MS-DOS 3.30 non-standard
  12.  33  CRC   M-DOS 3.20 format
  13.  33  CRC   M-DOS 3.20 (German) format
  14.  34  CRC   M-DOS 3.30 format
  15.  27  CRC   IBM PC-DOS 1.00 format
  16.  2C  CRC   IBM PC-DOS 2.00 format
  17.  2A  CRC   IBM PC-DOS 3.00 format
  18.  29  CRC   IBM PC-DOS 3.10 format
  19.  34  CRC   IBM PC-DOS 3.20 format
  20.  34  CRC   IBM PC-DOS 3.20a format
  21.  34  CRC   IBM PC-DOS 3.30 format
  22.  3C  CRC   IBM PC-DOS 4.00 format
  23.  3C  CRC   IBM PC-DOS 5.00 format
  24.  29  CRC   KAN DOS 3.10 format
  25.  29  CRC   Alpha DOS 3.10 format
  26.  34  CRC   Alpha DOS 3.20 format
  27.  34  CRC   Alpha DOS 3.30 format
  28.  2C  CRC   ADOS 2.00 format
  29.  8C  CRC   M-86 DOS format
  30.  36  CRC   PC-DOS 3.30 non-standard 1
  31.  34  CRC   PC-DOS 3.30 non-standard 2
  32.  34  CRC   DCP 3.30 format
  33.  35  CRC   COMPAQ DOS 2.11 format
  34.  28  CRC   COMPAQ DOS 3.31 format
  35.  28  CRC   COMPAQ DOS 3.31 non-standard
  36.  1C  CRC   COMPAQ setup diskette
  37.  36  CRC   DR-DOS 3.41 format
  38.  40  CRC   DR-DOS 5.00 format
  39.  3F  CRC   DR-DOS 6.00 format
  40.  22  CRC   Toshiba DOS 2.11 format
  41.  22  CRC   Toshiba DOS 2.20 format
  42.  2A  CRC   Toshiba DOS 3.30 format
  43.  3C  CRC   Toshiba DOS 4.00 format
  44.  29  CRC   OS/2 V1.2 format
  45.  3C  CRC   OS/2 V1.3 format
  46.  44  CRC   OS/2 V2.0 format
  47.  34  CRC   Norton Disk Doctor fix
  48.  2A  CRC   Norton Utilities 3.10
  49.  28  CRC   Peter Norton NU 4.5 SafeFormat
  50.  28  CRC   Peter Norton NU 5.0 SafeFormat
  51.  28  CRC   NU 4.5 SafeFormat (Russian)
  52.  3E  CRC   PC Tools 4.x internal
  53.  29  CRC   PC Tools old internal
  54.  29  CRC   PC Tools old (Russian)
  55.  3E  CRC   PC Tools 6.0 internal
  56.  24  CRC   PC Tools 4.x PCFormat
  57.  3E  CRC   PC Tools 5 - 6 PCFormat
  58.  3E  CRC   PCFormat 5-6 (French)
  59.  3E  CRC   PC Tools 7.0 PCFormat
  60.  43  sign  PC Tools 5.5 PCBackup non-DOS
  61.  3E  CRC   PC Tools 6.0 PCBackup non-DOS
  62.  3E  CRC   PC Tools 7.0 CPBackup non-DOS
  63.  3E  CRC   PC Tools 6.0 - 7.0 DiskFix
  64.  3E  CRC   PC Tools 4.x (Russian 1)
  65.  3E  CRC   PC Tools 4.x (Russian 2)
  66.  4A  CRC   XTree Pro Gold internal
  67.  83  CRC   ZDS 3.0
  68.  3D  CRC   TSL 4.0
  69.  34  CRC   Chaplet Sys
  70.  3C  CRC   Vitamin B 1.0-1.1 for PC-DOS  A.Sessa
  71.  3C  CRC   Vitamin B 1.0-1.1 for MS-DOS  A.Sessa
  72.  3C  CRC   Vitamin B 1.0-1.1 for DR-DOS  A.Sessa
  73.  3C  CRC   Vitamin B 1.2-1.3  A.Sessa
  74.  3C  CRC   Vitamin B 1.4-1.5  A.Sessa
  75.  42  CRC   Vitamin B 1.6-1.9  A.Sessa
  76.  3C  CRC   Vitamin B 1.6-1.9 for QD  A.Sessa
  77.  46  CRC   Vitamin B 1.99-2.0  A.Sessa
  78.  1C  CRC   Quaid Analizer loader
  79.  3C  CRC   Sydex Con>Format
  80.  29  CRC   RCT Design Form360
  81.  24  CRC   HDFormat
  82.  40  CRC   FDFormat 1.8
  83.  40  CRC   FDFormat 1.8 (German)
  84.  1C  CRC   Elisoft DiskBoot
  85.  66  CRC   Boot-B (S.Numbers)
  86.  29  CRC   Gazelle
  87.  34  CRC   IBM MMED
  88.  39  CRC   SRFormat
  89.  1C  CRC   CAM-88
  90.  1C  CRC   CAM-88 (damaged)
  91.  C0  CRC   CAM (old)
  92.  FE  sign  Microsoft Windows
  93.  5E  CRC   ScArts install disk
  94.  1E  CRC   ADM 1.00 non-bootable
  95.  00  sign  Virtual disk driver
  96.  FE  CRC   MSX DOS AX-350 (Z-80)
  97.  FE  CRC   MSX DOS YD-640 (Z-80)
  98.  FE  CRC   MSX DOS Speed boot 4.0 (Z-80)


      VIRUSES

  Nr. Code Method Name
  --- ---- ------ ------------------------------

  99.  05  CRC   Stoned (Marijuana) 1
 100.  05  CRC   Stoned (Marijuana) 2
 101.  05  CRC   Stoned Rostov
 102.  05  CRC   Mikola 1.13
 103.  05  CRC   Stoned pupillary
 104.  A1  CRC   Sex Revolution V1.1
 105.  A1  CRC   Sex Revolution V2.0
 106.  05  CRC   Near Dark A
 107.  05  CRC   Near Dark A (damaged)
 108.  05  CRC   Near Dark B
 109.  F0  CRC   Turbo Basic
 110.  AC  CRC   March 6
 111.  AC  CRC   October 1
 112.  FF  CRC   Bloody A
 113.  FF  CRC   Bloody B
 114.  3C  CRC   Gelendzik
 115.  34  CRC   Dinamo A
 116.  34  CRC   Dinamo B
 117.  B9  CRC   Clock
 118.  9F  sign  Canadian (Empire)
 119.  0E  CRC   Alive
 120.  05  CRC   Int FF
 121.  7B  CRC   Anti-Modem
 122.  05  CRC   Stoned (unknown)
 123.  FA  CRC   LoveChild b3
 124.  8B  CRC   Azusa (Abs-2)
 125.  8B  CRC   Azusa (reassembled)
 126.  37  CRC   Devil
 127.  34  CRC   Abs-3
 128.  1C  CRC   MPhTI B
 129.  1C  CRC   MPhTI A
 130.  21  CRC   Print Screen
 131.  1C  CRC   Italian Bouncing Ball
 132.  1C  CRC   Italian Ball (Modified)
 133.  1C  CRC   Italian Ball (Hacked)
 134.  1C  CRC   Typo
 135.  EB  CRC   Disk Killer (Computer Ogre)
 136.  E9  sign  Pakistani Brain-86
 137.  E9  sign  Singapore Brain-88
 138.  E9  sign  Ashar
 139.  E9  sign  Brain (unknown)
 140.  29  sign  Den Zuk
 141.  29  sign  Ohio
 142.  1F  sign  Joshi
 143.  31  CRC   Alameda (Yale) M
 144.  31  sign  Alameda (Yale)
 145.  FF  CRC   Track Swap
 146.  --  sign  Swap (Israeli Boot)
 147.  --  sign  Chaos
 148.  --  sign  LBC Korea
 149.  --  sign  EDV
 150.  34  sign  Pentagon
 151.  --  sign  Ghost
 152.  --  sign  Nicholos
 153.  34  CRC   AirCop
 154.  --  sign  FORM
 155.  --  sign  Mardi Bros
 156.  --  sign  Microbes
 157.  36  sign  Keydrop
 158.  3C  CRC   Olga
 159.  E9  sign  Music Bug
 160.  1C  CRC   Anti-Telefonic
 161.  22  CRC   Loa Duong
 162.  3C  CRC   Spook 1.0
 163.  33  CRC   November 7
 164.  14  CRC   MZ
 165.  2E  CRC   Joke 1a (01.07.91)
 166.  2F  CRC   Joke 1b (V5.0)
 167.  00  CRC   Joke 2a (10.12.91)
 168.  00  CRC   Joke 2b (19.12.91)
 169.  00  CRC   Joke 3a
 170.  00  CRC   Joke 3b
 171.  00  CRC   Joke 4 (27.04.92)
 172.  05  CRC   VolGU (Joke 5)
 173.  --  sign  MChTI
 174.  --  sign  Filler
 175.  48  CRC   BootEXE-452  (FILE-BOOT)
 176.  49  CRC   BootEXE-451  (FILE-BOOT)
 177.  9C  CRC   Invader A  (FILE-BOOT)
 178.  9C  CRC   Invader B  (FILE-BOOT)
 179.  9C  CRC   Invader C  (FILE-BOOT)
 180.  33  CRC   Frodo  (FILE-BOOT)
 181.  9D  CRC   Troyan boot
 182.  FE  CRC   I'm not dangerous (Z-80)
