                     Список советских BBS на 10 мая 1991 г.
                    Составлен на Kronverk BBS (812)126-6972.
                  Использовались материалы: SUBBS311.lst by L.A.
                                            USSR_BBS.doc v1.2 from 23.03.91
                                            UBL_V13.txt  v2   from 05.05.91
					    FIDO NodeList.123
  Замечания, дополнения и изменения прошу присылать на Kronverk BBS (2:5030/2)
	          Александру Иванову (Alexandr Ivanov).

      Name              St Phone    Baud MNP Weekdays Weekends (Msw)  SysOp
──────────────────────────────────────────────────────────────────────────────
        ╔═══════════════════════╗            
════════╣ Москва (095)          ╠════════════════════════════════════════════════════════════
        ╚═══════════════════════╝
Alan BBS                + 532-2943  2400 Y 21.00- 9.00 21.00- 9.00 Alex Yashin           2:5020/11
Angel Station BBS       + 939-5977  2400 N 22.00- 8.00 22.00- 8.00 Kuzma Mikhailoff etc. 2:5020/10
Bargain BBS             + 383-9171  2400 N  0.00- 8.00  0.00- 8.00 Igor Krivchenko etc.  2:5020/7
Bowhill BBS             + 939-0274  2400 Y      24h         24h    Max Mikheenkov        2:5020/9
JV Dialogue 1st BBS     + 329-2192  9600 Y      24h         24h    Dmitry Bondarenko     2:5020/6
Kremlin FIDO            - 205-3554  1200 N  0.00- 7.00  0.00- 7.00 Tadeusz Radiusz       2:48/2
Nightmare BBS           + 128-4661  2400 Y 22.00-10.00      24h    Vadim Gerasimov etc.  2:5020/1
MosTNet                 + 193-7090  1200 Y      24h         24h    Pavel Galyamin        2:5020/3
Moscow Fair             + 366-5209  9600 Y      24h         24h    Alexey Zabrodin       2:5020/0
Wild Moon               + 366-5175  9600 Y 18.00- 9.00 18.00- 9.00 Alexey Zabrodin       2:5020/2
ASSUNI BBS              + 931-3084  2400 Y  0.00-07.00  0.00- 7.00 Sergey Mansurov       2:5020/12
Do-Mail! BBS            + 939-1124  2400 Y 22.00-09.00      24h    Michael Andronov      2:5020/13
DATABOARD BBS           + 326-5888  2400 Y      24h         24h    Serg Khan             2:5020/16
United Group Games BBS  - 420-6050  1200 N Friday 23.00-13.00      Yaroslav Levashov
Silent Station          - 433-6292  2400   18.00-22.00   Sat 9-20  Ilya Suslov
BLUE HOUSE BBS          + 932-6410  2400 Y      24h         24h    Dmitry Popov
Solid State Software    - 291-5023  2400 N 15.00- 8.30 15.00- 8.30 Pekshev Ilya
XtalK                   + 271-6290  2400 N 21.00- 9.00      24h    Grogory Nickonov etc.
PCC BBS                 + 461-1378  9600 Y 22.00- 8.00             Yurii Gerasimov
Soft Parade System      + 151-5931  2400 N 21.00- 7.00      24h    Andrew Kovalev        2:5020/17
UNEVO Center's BBS      + 125-1519  2400 N      24h         24h    Mike Pavlov           2:5020/19
        ╔═══════════════════════╗
════════╣ Ленинград (812)       ╠════════════════════════════════════════════════════════════
        ╚═══════════════════════╝
Communication Tube      + 315-1158  2400 Y 22.30- 8.30      24h    Michael Bravo         2:5030/10  2:50/200
KREIT BBS               + 164-5396  2400 N 22.00-10.00      24h    Dmitry Klimenkov      2:5030/1
Kronverk BBS            + 126-6972  2400 N      24h         24h    Nick Nemirow etc.     2:5030/2
Petersburg Future BBS   + 310-4864  2400 N 21.30-10.00      24h    Denis Eropkin         2:5030/4
Nice Landing            + 234-6200  2400 Y 20.00-10.00      24h    Yuri Ivanov           2:5030/5
        ╔═══════════════════════╗
════════╣ Таллинн (0142)        ╠════════════════════════════════════════════════════════════
        ╚═══════════════════════╝
Eesti BBS #1            + 422-583   9600 Y      24h         24h    Lembit Pirn
Goodwin BBS             + 691-872  14400 Y      24h         24h    Sulo Kallas           2:490/20   2:49/999
Hacker's Night System 1 + 442-143  14400 Y 18.00- 8.00      24h    Tarmo Ausing etc.     2:490/0
Hacker's Night System 2 + 601-818   2400 N 18.00- 8.00      24h    Tarmo Ausing etc.     2:490/1
Mailbox-CG              + 532-350   2400 N 21.00- 2.30 21.00- 2.30 Madis Kaal            2:490/30
MamBox                  + 443-360   9600 Y 20.00- 8.00      24h    Tarmo Mamers          2:490/40
New Age System          + 606-319  14400 Y 18.00- 9.00      24h    Tanel Raja            2:490/12
Great White of Kopli    + 473-943   2400 N -== Mail Only ==-       Urmet Janes           2:490/90
The Dark Corner BBS     + 492-280   2400 N 18.00- 8.00      24h    Priit Kasesalu        2:490/14
Space Island BBS        - 451-611   2400 N 23.00-10.00      24h    Edward Smart etc.
The Flying Disks BBS    - 684-901   2400 N                         Margus Sutt           2:490/13
        ╔═══════════════════════╗
════════╣ Каунас (0127)         ╠════════════════════════════════════════════════════════════
        ╚═══════════════════════╝
VILLA METAMORPH BBS     + 200-228   2400 Y 18.00- 9.00 18.00- 9.00 Martynas Buozis       2:470/5
Kaunas #7 BBS   	+ 200-274   2400 Y 18.00-10.00      24h    Darius Liaugaudas     2:470/7
Wolfbox BBS             + 730-134   9600 N 18.00- 8.00      24h    Zygimantas Cepaitis   2:470/1   2:49/10
LIRA BBS                + 706-956   2400 Y 18.00- 8.00      24h    Sergej Scepetnov      2:470/100
Vytautas Magnus
             University - 794-619   2400 N -== Mail Only ==-       Arvydas Matuzonis     2:470/50
KTU                     + 799-782   1200 N                                               2:470/10            
        ╔═══════════════════════╗
════════╣ Рига (0132)           ╠════════════════════════════════════════════════════════════
        ╚═══════════════════════╝
UFO BBS                 - 323-983   2400 Y                         Ugis Berzins          2:495/10
Ventus                  + 377-307   1200 N -== Mail Only ==-       Peter Zeltins         2:495/11
LIA BBS                 - 271-008   2400                           Alfreds Belavskis     2:495/12
Night Knight            + 263-991   2400 Y  0.00- 8.00  0.00- 8.00 Ugis Berzins          2:495/13
        ╔═══════════════════════╗
════════╣ Новосибирск (383)     ╠════════════════════════════════════════════════════════════
        ╚═══════════════════════╝
The Court of the
           Crimson King + 235-6722  2400 Y 17.00- 3.00      24h    Evgeny Chupriyanov    2:5000/10
Hall of Guild           + 235-4457  2400 Y 17.00- 5.00      24h    Igor Vasichkin        2:5000/20
Sine Lex BBS            + 235-6011 19200 Y 18.00- 4.00      24h    Maxim Nikitin         2:5000/30
No Earthly Connection   - 235-4570  2400 Y -== Mail Only ==-       Vladimir Lebedev      2:5000/1
        ╔═══════════════════════╗
════════╣ Минск (0172)          ╠════════════════════════════════════════════════════════════
        ╚═══════════════════════╝
Ozz Land #1             + 777-524   2400 N 19.00- 8.00 19.00- 8.00 Sergey Sotnikov       2:489/210
Ozz Land #2             + 773-071   2400 Y 19.00- 8.00 19.00- 8.00 Igor_Scherbakov       2:489/211
MobyTick                + 540-131   1200 N -== Mail Only ==-       Gennady Borsch        2:489/212
        ╔═══════════════════════╗
════════╣ Харьков (0572)        ╠════════════════════════════════════════════════════════════
        ╚═══════════════════════╝
Spark System Designs    + 339-344   1200 N 23.00- 8.00 23.00- 8.00 Alexander Demenshin   2:489/1
Alice BBS               + 305-221   1200 N 23.00- 7.00 23.00- 7.00 Timur Tsyganko        2:489/10
        ╔═══════════════════════╗
════════╣ Челябинск (351)       ╠════════════════════════════════════════════════════════════
        ╚═══════════════════════╝
PsychodeliQ Hacker Club + 237-3700  2400 N 21.00- 6.00 21.00- 6.00 Yuri PQ               2:5010/2
ICC BBS                 - 236-6813  2400 N                         Konstantin Yudaev     2:5010/3
        ╔═══════════════════════╗
════════╣ Киев (044)            ╠════════════════════════════════════════════════════════════
        ╚═══════════════════════╝
Post Square             + 417-5700  2400 N 16.00- 9.00      24h    Vladimir Leeman       2:489/11
Intelligence Game
      Service BBS (IGS) + 559-6764  1200 N 23.00- 7.00 23.00- 7.00 Vladimir Potabenko    2:489/11.2
        ╔═══════════════════════╗
════════╣ Кишинев (042)         ╠════════════════════════════════════════════════════════════
        ╚═══════════════════════╝
Hunter BBS              + 224-1484  2400 N 18.00-24.00 15.00-24.00 Michael Karpov        2:489/120
        ╔═══════════════════════╗
════════╣ Днепропетровск (0562) ╠════════════════════════════════════════════════════════════
        ╚═══════════════════════╝
Micado's BBS            - 425-513   2400 N                         Michael Pozin         2:489/160
        ╔═══════════════════════╗
════════╣ Вильнюс (0122)        ╠════════════════════════════════════════════════════════════
        ╚═══════════════════════╝
Amber Way BBS           + 227-194   9600 Y      24h         24h    Robertas Sileikis     2:49/11
        ╔═══════════════════════╗
════════╣ Тарту (0143)          ╠════════════════════════════════════════════════════════════
        ╚═══════════════════════╝
MESO BBS                + 433-434   2400 Y 19.00- 8.00      24h    Viljo Allik           2:490/60
        ╔═══════════════════════╗
════════╣ Non-FIDO BBS          ╠════════════════════════════════════════════════════════════
        ╚═══════════════════════╝
Interlink          8W-095-946-8250
DIALOG    UUCP     8W-095-329-3744  2400
KIAE               8W-095-196-5958  2400 Y
WNIIPAS            8W-095-927-0003  2400 Y
WNIIPAS            8W-095-928-6787  2400 Y
WNIIPAS            8W-095-928-6855  2400 Y
PaPeR              8w-0143-433-351  2400(7E1)
INREKO on-line     8w-0142-492-154  2400
-------------------------------------------------------------------------------
