 
                              List of soviet BBS`s on state of 21 Mar 1991
                                     Compiled by Leonid Avtushenko 
                                              version 3.11

ST      NAME                     NUMBER         BAUD MNP  WEEKDAYS      WEEKENDS  COMMENTS FIDO
-----------------------------------------------------------------------------------------------
+  1.  Kremlin FIDO        Mscw 8W(095)205-3554 1200  N 0.00 - 7.00   0.00 - 7.00  Poland   Y
PU 2.  Interlink           Mscw 8W(095)946-8250 2400  Y      24            24      Guest    N
+  3.  MosTNet  (1)        Mscw 8W(095)193-7090 1200  Y      24            24      School   Y 
+  4.  MosTNet  (2)        Mscw 8W(095)193-4761 2400  Y      24            24      School   Y
!!!5.  Nightmare BBS       Mscw 8W(095)128-4661 2400  Y 21.00 - 9.00       24               Y
!! 6.  Wild Moon BBS       Mscw 8W(095)366-5175 9600  Y 18.00 - 9.00       24               Y
!! 7.  Moscow Fair BBS(WM2)Mscw 8W(095)366-5209 9600  Y      24            24               NC
!! 8.  JV Dialogue 1st BBS Mscw 8W(095)329-2192 9600  Y      24            24               Y
+  9.  Bargain BBS         Mscw 8W(095)383-9171 2400  N 21.00 - 5.00  21.00 - 5.00          N
+  10. Alan BBS            Mscw 8W(095)532-2943 2400  Y 20.00 - 9.00  20.00 - 9.00          N
+  11. Bowhill`s BBS       Mscw 8W(095)939-0274 2400  Y 22.00 - 8.00  22.00 - 8.00          N
+  12. Angel Station BBS   Mscw 8W(095)939-5977 2400  N 20.00 - 10.00 20.00 - 10.00         Y
F  13. Soft Parade System  Mscw 8W(095)151-5931 2400  N  ------------  ----------           -
!! 14. The Comm. Tube      Lend 8W(812)315-1158 2400  Y 20.00 - 8.00       24       No Fls  Y
+  15. Kreit BBS           Lend 8W(812)164-5396 2400  N 22.00 - 10.00      24       No Mail Y 
+  16. Petersburgh Fut.BBS Lend 8W(812)310-4864 2400  Y 21.30 - 10.00      24       No Mail Y
+  17. Kronverk BBS        Lend 8W(812)126-6972 2400  N       24           24       No Mail Y   
+  18. Ozz Land BBS        Mnsk 8W(0172)77-8327 1200  N 20.00 - 8.00       24               Y
!!!19. Court of the Cr. K. Nvsb 8W(383)235-6722 2400  Y 17.00 - 3.00       24              RC50
!! 20. No eathly conn.     Nvsb 8W(383)235-4570 2400  Y 16.00 - 3.00       24               Y
!! 21. Hall of Guild       Nvsb 8W(383)235-4457 2400  Y 21.00 - 9.00       24              HOST
-  22. PMS BBS             Nvsb 8W(383)235-56-- 19200 Y       24           24              Mail
+  23. PsychodeliQ HC BBS  Chel 8W(351)237-3700 2400  N 21.00 - 6.00    sun/mon            HOST 
-  24. Hackers Peace BBS   Chel 8W(351)233-50-- 2400  N 22.00 - 7.00       ?                Y
-  25. ICC BBS             Chel 8W(351)236-68-- 2400  N  ------------  ----------           Y
!! 26. MamBox BBS          Taln 8W(0142)44-3360 19200 Y 21.00 - 9.00       24       Files   Y
!!!27. Hackers Night Sys.1 Taln 8W(0142)44-2143 14400 Y 19.00 - 9.00       24       Files! RC49
!!!28. Hackers Night Sys.2 Taln 8W(0142)60-1818 2400  Y 19.00 - 9.00       24       Files! RC49
!  29. Eston. BBS#1 Eesti  Taln 8W(0142)42-2583 9600  Y       24           24               N
!!!30. MESO BBS            Tart 8W(0143)43-3434 2400  Y 20.00 - 9.00       24       Files!! Y 
!!!31. Goodwin BBS         Taln 8W(0142)69-1872 14400 Y       24           24       No Fls  NC
-  32. Hacker's Inn BBs    Taln 8W(0142)42-31-- ----  -  ------------  ----------   Strange N
!! 33. Mailbox for CG      Taln 8W(0142)53-2350 1200  N 22.00 - 3.30  22.00 - 3.30  FD 8.00 Y
+  34. Lion's Cave BBS     Taln 8W(0142)53-6246 19200 Y  ------------  ----------   Agree  PVT
+  35. New Age System      Taln 8W(0142)60-6318 2400  N 19.00 - 10.00      24               Y
+  36. Great White of Kop. Taln 8W(0142)47-3943 2400  N  ------------  ----------          Mail
F  37. Flying Disks BBS    Taln 8W(0142)68-49-- 2400  N       ?            ?                N
+  38. Space Island BBS    Taln 8W(0142)45-1611 2400  Y 23.00 - 10.00  -----------  No Mail N
F  39. Xbase system        Taln 8W(0142)44-7190 1200  N 19.00 - 09.00      24               Y
?  40. Lucifer BBS         Tart 8W(0143)47-72-- 2400  N       ?            ?                ?
!  41. Kaunas #7 BBS       Kaun 8W(0127)20-0274 2400  Y 18.00 - 10.00      24               Y
!! 42. Wolfbox BBS         Kaun 8W(0127)73-0134 2400  N 19.00 - 9.00       24              RC47
!  43. Villa Metamorph BBS Kaun 8W(0127)20-0228 2400  N 19.00 - 10.00 19.00 - 10.00         Y
+  44. KTU                 Kaun 8W(0127)79-9782 1200  N  ------------  -----------          NC
+  45. Vytautas M. Univers.Kaun 8W(0127)79-5645 2400  N  ------------  -----------         Mail
!  46. Amber Way BBS       Viln 8W(0122)22-7194 9600  Y       24           24               NC
+  47. Spectrum            Viln 8W(0122)22-6381 2400  N  ------------  -----------         Mail
+  48. Baltic Comp. Center.Viln 8W(0122)61-8364 2400  N  ------------  -----------         Mail
+  49. Node 30             Viln 8W(0122)62-9817 2400  N  ------------  -----------         Mail
+  50. PGF BBS             Panv 8W(0125)42-2777 1200  N  ------------  -----------         Mail
!  51. Post Square BBS     Kiev 8W(044)417-5700 2400  N 15.00 - 22.00 15.00 - 22.00        N
?  52. Nice Night BBS      Khar 8W(0572)36-65-- 1200  N       ?            ?                Y
+  53. Spark System Design Khar 8W(0572)33-9344 1200  N 23.00 -  7.00  23.00 - 7.00         N
?  54. Alice_BBS           Khar 8W(0572)33-07-- 1200  N       ?            ?                ?
PU 55. KIAE                Mscw 8W(095)196-5958 2400  Y       24           24   payment     N
PU 56. KIAE                Mscw 8W(095)196-7363 2400  Y       24           24   payment     N
PU 57. KIAE                Mscw 8W(095)196-7509 2400  Y       24           24   payment     N
PU 58. KIAE                Mscw 8W(095)196-7515 2400  Y       24           24   payment     N
PU 59. KIAE                Mscw 8W(095)196-9211 2400  Y       24           24   payment     N
PU 60. KIAE                Mscw 8W(095)196-9350 2400  Y       24           24   payment     N
U! 61. VNIIPAS             Mscw 8W(095)927-0003 2400  Y       24           24  con 2040600  N
PU 62. VNIIPAS             Mscw 8W(095)928-6787 1200  Y       24           24   payment     N
PU 63. VNIIPAS             Mscw 8W(095)928-6855  300  Y       24           24   payment     N
   64. VNIIPAS (voice)     Mscw 8W(095)229-9039  
   65. SUEARN NIC  BBS     Mscw 8W(095)938-3618 2400  Y   9.00 - 22.00 ---------            N


  COMMENTS:

  WORKTIME:  Worktime is given in Moscow time   MOW = GMT+3 = UTC+3 = EET+1


  ST - current status of BBS or node. It can be:

          1. ?   Status unknown ( to the author )
          2. +   Point is working ( no other information available to the author)
          3. -   Point is currently down
          4. P   Point have password access ( payment service maybe )
          5. F   Point is ready to work but not working yet
          6. !   There is something to do inside this point
          7. !!  Author is advising you to call this BBS! ( at least once )
          8. !!! Very good BBS, don`t miss it!!
          9. U   UUCP ( Unix To Unix Copy system ) not BBS, but accept human calls        

 Point number 61 have some FREE services available to unregistrated ( unpayed )
  user so author include in list PASSWORD to access it: "con 2040600", after
  entering it you will be able to find TODAY`s currency exchange rate for example. 
  If you want to get access to payment service, call voice phone. 


 COMMENT - advantages or disadvantages of the point:

         1. Files   Big amount of files inside BBS. ! - sign means "very"
         2. No fls  Point don`t support file exchange and don`t store any files
         3. No Mail Point don`t support outside mail exchange ( only file sevice )
         4. Poland  Point is included in Poland net
         5. School  Point included in K12 net
         6. Eston   Estonian language only
         7. Strange Some strange things while calling, maybe nonstandard modem
         8. Agree   Calls on previous agreement
         9. Guest   Point allows free access by name GUEST

 FIDO - current FIDO status of point:

        1. Y        Member of FIDONET
        2. N        Not member of FIDONET
        3. HOST     Region or net host in FIDONET
        4. PVT      Private node in FIDO
        5. RC       Region coordinator in FIDO
        6. NC       Network coordinator in FIDO
        7. Mail     "Mail Only" node, don`t support human callers ( don`t call them )



     FROM THE AUTOR:

 This is most complete list of BBS`s and NODES in USSR including Mail only, private
  and non FIDO nodes as long as some usefull to beginner in BBSing comments.
  This list was compiled from the lot of different sources including FIDO nodelist
  so author can`t be responsable for the information contained in it, but he made all
  his efforts to make it reliable and had made a test connections to all listed 
  withou "?" signs points himself

 Some points marked "-" and not accepting human calls was removed from latest version
  after request of the owners to avoid unnecessary annoing calls, others "-" points
  remains only if they can become UP sometimes. This information along with info
  about mail only nodes and some without exact working time is included only for
  refering purpouses. Don`t call then! Be very careful while calling points with
  some "?" signs in any field!

 !!! DON`T TRY TO CONNECT WITH "DOWN" AND "MAIL ONLY" POINTS THIS IS VERY ANNOING !!! 

  This list is copyrigted and nobody alowed to change anything in it without permittion
  of the author
 
 Author are issueing new versions of this list when appropriate amount of new info
  is coming. So you can help by sending any new information to him.

 You can subscribe to automatical delivery of new versions of this list via MAILROBOT
   to your BBS by sending appropriate netmail message to author.

 AUTHOR ASK ANYBODY WHO HAVE NEW INFORMATION FOR THIS LIST PASS IT TO HIM!!!
   Thus anybody can contribute in growing of BBS world in our country.
   Feel free to report any errors and suggestions to me.

            You can leave the messages to Leonid Avtushenko in the following BBS`s:

  * Leningrad: "The communications tube"  FIDO 2:50/200  Phone: (812)315-11-58
    Tartu    : "Meso BBS"                 FIDO 2:490/60  Phone: (0143)43-34-34
    Tallinn  : "Goodwin BBS"              FIDO 2:490/20  Phone: (0142)69-18-72
           
             Mail are accepted via Echo mail, Net mail or private messages.
             * - Means main adress of the author.

      
               Thanx for Yuri PQ        for  update 06.21 13 mar 1991
               Thanx for Pete Kvitek    for  update 22.59 13 mar 1991
               Thanx for Andrew Kovalev for  update 08.50 15 mar 1991
               Thanx for Nick Nemirov   for  update 02.00 20 mar 1991
               Thanx for Tarmo Mamers   for  his ESTONIAN BBSlist

   01.59 21 mar 1991