BootChecker library: V2.09 20.03.92 (C) J.McArrow; 82 boots, 65 viruses.

      BOOTS

  Nr. Code Method Name
  --- ---- ------ ------------------------------

   1.  27  CRC   MS-DOS 1.00 format
   2.  34  CRC   MS-DOS 3.20 format
   3.  34  CRC   MS-DOS 3.20a format
   4.  34  CRC   MS-DOS 3.20a (Russian) format
   5.  34  CRC   MS-DOS 3.30 format
   6.  34  CRC   MS-DOS 3.30 (German) format
   7.  3C  CRC   MS-DOS 4.00 format
   8.  3C  CRC   MS-DOS 5.00 format
   9.  34  CRC   MS-DOS 3.20a non-standard
  10.  34  CRC   MS-DOS 3.20a IQ format
  11.  33  CRC   M-DOS 3.20 format
  12.  33  CRC   M-DOS 3.20 (German) format
  13.  34  CRC   M-DOS 3.30 format
  14.  27  CRC   IBM PC-DOS 1.00 format
  15.  2C  CRC   IBM PC-DOS 2.00 format
  16.  2A  CRC   IBM PC-DOS 3.00 format
  17.  29  CRC   IBM PC-DOS 3.10 format
  18.  34  CRC   IBM PC-DOS 3.20 format
  19.  34  CRC   IBM PC-DOS 3.20a format
  20.  34  CRC   IBM PC-DOS 3.30 format
  21.  3C  CRC   IBM PC-DOS 4.00 format
  22.  3C  CRC   IBM PC-DOS 5.00 format
  23.  29  CRC   KAN DOS 3.10 format
  24.  29  CRC   P-16 DOS 3.10 format
  25.  36  CRC   IBM PC-DOS 3.30 non-standard 1
  26.  34  CRC   IBM PC-DOS 3.30 non-standard 2
  27.  34  CRC   DCP 3.3
  28.  35  CRC   COMPAQ DOS 2.11 format
  29.  28  CRC   COMPAQ DOS 3.31 format
  30.  28  CRC   COMPAQ DOS 3.31 non-standard
  31.  1C  CRC   COMPAQ setup diskette
  32.  40  CRC   DR-DOS 5.00 format
  33.  3F  CRC   DR-DOS 6.00 format
  34.  29  CRC   OS/2 V1.2 format
  35.  3C  CRC   OS/2 V1.3 format
  36.  34  CRC   Norton Disk Doctor fix
  37.  2A  CRC   Norton Utilities 3.10
  38.  28  CRC   Peter Norton NU 4.5 SafeFormat
  39.  28  CRC   Peter Norton NU 5.0 SafeFormat
  40.  3E  CRC   PC Tools 4.x internal
  41.  29  CRC   PC Tools old internal
  42.  29  CRC   PC Tools old (Russian)
  43.  3E  CRC   PC Tools 6.0 internal
  44.  24  CRC   PC Tools 4.x PCFormat
  45.  3E  CRC   PC Tools 5 - 6 PCFormat
  46.  3E  CRC   PCFormat 5-6 (French)
  47.  3E  CRC   PC Tools 7.0 PCFormat
  48.  43  sign  PC Tools 5.5 PCBackup non-DOS
  49.  3E  CRC   PC Tools 6.0 PCBackup non-DOS
  50.  3E  CRC   PC Tools 7.0 CPBackup non-DOS
  51.  3E  CRC   PC Tools 6.0 DiskFix
  52.  3E  CRC   PC Tools 4.x (Russian)
  53.  4A  CRC   XTree Pro Gold internal
  54.  83  CRC   ZDS 3.0
  55.  3D  CRC   TSL 4.0
  56.  34  CRC   Chaplet Sys
  57.  3C  CRC   Vitamin B 1.0-1.1 for PC-DOS  A.Sessa
  58.  3C  CRC   Vitamin B 1.0-1.1 for MS-DOS  A.Sessa
  59.  3C  CRC   Vitamin B 1.0-1.1 for DR-DOS  A.Sessa
  60.  3C  CRC   Vitamin B 1.2-1.3  A.Sessa
  61.  3C  CRC   Vitamin B 1.4-1.5  A.Sessa
  62.  42  CRC   Vitamin B 1.6-1.9  A.Sessa
  63.  3C  CRC   Vitamin B 1.6-1.9 for QD  A.Sessa
  64.  3C  CRC   Sydex Con>Format
  65.  29  CRC   RCT Design Form360
  66.  24  CRC   HDFormat
  67.  40  CRC   FDFormat 1.8
  68.  40  CRC   FDFormat 1.8 (German)
  69.  1C  CRC   Elisoft DiskBoot
  70.  66  CRC   Boot-B (S.Numbers)
  71.  29  CRC   Gazelle
  72.  34  CRC   IBM MMED
  73.  39  CRC   SRFormat
  74.  1C  CRC   CAM-88
  75.  1C  CRC   CAM-88 (damaged)
  76.  C0  CRC   CAM (old)
  77.  FE  sign  Microsoft Windows
  78.  1E  CRC   ADM 1.00 non-bootable
  79.  00  sign  Virtual disk driver
  80.  FE  CRC   MSX DOS AX-350 (Z-80)
  81.  FE  CRC   MSX DOS YD-640 (Z-80)
  82.  FE  CRC   MSX DOS Speed boot 4.0 (Z-80)


      VIRUSES

  Nr. Code Method Name
  --- ---- ------ ------------------------------

  83.  05  CRC   Stoned (Marijuana) 1
  84.  05  CRC   Stoned (Marijuana) 2
  85.  05  CRC   Stoned Rostov
  86.  05  CRC   Stoned pupillary
  87.  A1  CRC   Sex Revolution V1.1
  88.  A1  CRC   Sex Revolution V2.0
  89.  05  CRC   Near Dark A
  90.  05  CRC   Near Dark A (damaged)
  91.  05  CRC   Near Dark B
  92.  AC  CRC   March 6
  93.  AC  CRC   October 1
  94.  FF  CRC   Bloody A
  95.  FF  CRC   Bloody B
  96.  3C  CRC   Gelendzik
  97.  34  CRC   Dinamo
  98.  B9  CRC   Clock
  99.  9F  sign  Canadian (Empire)
 100.  05  CRC   Stoned (unknown)
 101.  FA  CRC   LoveChild b3
 102.  8B  CRC   Azusa (Abs-2)
 103.  8B  CRC   Azusa (reassembled)
 104.  34  CRC   Abs-3
 105.  1C  CRC   MPhTI B
 106.  1C  CRC   MPhTI A
 107.  21  CRC   Print Screen
 108.  1C  CRC   Italian Bouncing Ball
 109.  1C  CRC   Italian Ball (Modified)
 110.  1C  CRC   Italian Ball (Hacked)
 111.  1C  CRC   Typo
 112.  EB  CRC   Disk Killer (Computer Ogre)
 113.  E9  sign  Pakistani Brain-86
 114.  E9  sign  Singapore Brain-88
 115.  E9  sign  Ashar
 116.  E9  sign  Brain (unknown)
 117.  29  sign  Den Zuk
 118.  29  sign  Ohio
 119.  1F  sign  Joshi
 120.  31  CRC   Alameda (Yale) M
 121.  31  sign  Alameda (Yale)
 122.  FF  CRC   Track Swap
 123.  --  sign  Swap (Israeli Boot)
 124.  --  sign  Chaos
 125.  --  sign  LBC Korea
 126.  --  sign  EDV
 127.  34  sign  Pentagon
 128.  --  sign  Ghost
 129.  --  sign  Nicholos
 130.  34  CRC   AirCop
 131.  --  sign  FORM
 132.  --  sign  Mardi Bros
 133.  --  sign  Microbes
 134.  36  sign  Keydrop
 135.  3C  CRC   Olga
 136.  E9  sign  Music Bug
 137.  1C  CRC   Anti-Telefonic
 138.  22  CRC   Loa Duong
 139.  3C  CRC   Spook 1.0
 140.  --  sign  Filler
 141.  48  CRC   BootEXE-452  (FILE-BOOT)
 142.  49  CRC   BootEXE-451  (FILE-BOOT)
 143.  9C  CRC   Invader A  (FILE-BOOT)
 144.  9C  CRC   Invader B  (FILE-BOOT)
 145.  9C  CRC   Invader C  (FILE-BOOT)
 146.  33  CRC   Frodo  (FILE-BOOT)
 147.  FE  CRC   I'm not dangerous (Z-80)
