АО "ДиалогНаука"                                 ЦЕНОВОЙ ЛИСТ
тел./факс 137-0150,                           на 1 ноября 1993г.
          938-2970,
          938-2855
_______________________________________________________________
Программный продукт                       Цена с НДС 20% (руб.)
_______________________________________________________________

Текстра 2.0 - чтение текстов со сканеров для DOS......... 60000
(дополнит.установка)......................................12000
(адаптация к другому типу сканера)....................... 18000
Текстра 2.0 upgrade...................................... 18000

Fine Reader - чтение текстов со сканера для Windows .....120000

Корт 2.0 - проверка русской орфографии................... 15000
(каждая след. установка).................................. 1500
Корт 2.0 upgrade.......................................... 7500
Корт for Windows......................................... 21000
(дополнительная установка)................................ 1500
(для пользователей Корт for DOS)......................... 12000
Корт 2.0 сетевая версия (10-20-50)........ 109440-150000-300000

Акционерное общество (ведение реестра акционеров,
начисление дивидендов и др.операции).................... 380000

Stylus 3.3 - автоматизированные переводчики
(с англ./франц./нем./итал./ на русский
с русского на английский в области "Деловая корреспонденция"
без расширения словаря................................... 53500
с утилитой расширения)...................................108000
(с англ. на русский в области "Программное обеспечение"
без расширения........................................... 53500
с утилитой расширения)...................................108000

Lingvo - электронные словари
(программная оболочка for DOS/ for Windows............... 16500
англо-русские словари (пользователя ПК, по ВТ,
экономический, коммерческий, математический,
политехнический, машиностроительный, др.)........... 9000-21000

Cerberus 2.0 - защита файлов от копирования
(базовый комплект на 10 защит)........................... 22200
(дополнительный комплект на 10 защит).................... 15000
(основной комплект на бесконечное число защит)........... 81000
Сerberus Kit............................................. 28200
Сerberus Language........................................ 15000

Кадет - каталогизатор дискет..............................25000

ЛП-ПК 1.0, 1.1, 2.0, 2.1......................... 120000-288000

Мастер 1.0............................................... 60000
Лексикон 1.1............................................. 13200
(национальные версии).................................... 24000
Лексикон 1.2............................................. 48000
Лексикон 1.2 обновление версии без замены комплекта
документации..............................................10000
Лексикон 1.2 обновление версии с заменой комплекта
документации............................................. 40800
Лексикон 1.2 сетевая версия
(10-20-50 станций)......................... 91200-172800-384000

Learning Words - программа пополнения словарного запаса для
изучающих иностранный язык
(начальный ур-нь, 6 языков).............................. 36000
(средний ур-нь, англо/рус.).............................. 36000
(углубленный ур-нь, англо/рус.).......................... 36000
(6 языков с картинками).................................. 36000
(ПП изучения английских неправильных глаголов)............15000

_______________________________________________________________
Наш адрес: 117967 Москва ГСП-1, ул.Вавилова 40, ВЦ РАН
Проезд до ст.метро "Ленинский проспект", выход из последнего
вагона, 4 остановки любым трамваем от центра до ост."Улица
Губкина"
