                     АО "ДИАЛОГНАУКА" ПРЕДЛАГАЕТ
                  ЗАРУБЕЖНОЕ ПРОГРАММНОЕ ОБЕСПЕЧЕНИЕ
            ЦЕНОВОЙ ЛИСТ (с учетом НДС на 1 сентября 1993 г.)


                           ПП фирмы Borland
Название продукта                           Версия      Цена (USD)
---------------------------------------------------------------------
Application Framework                        1.2           59
Borland C++                                  3.1           115
Borland C++ & Application Framework          3.1           170
Borland C++ RT Library                       2.0           15
Borland Pascal wiht Obj.                     7.0           170
Borland Pascal Russian                       7.0           125
Turbo C++ for Windows                        3.1           76
Turbo C++ for DOS                            3.0           50
Turbo Pascal for Windows                     1.5           76
Turbo Pascal                                 7.0           88
Paradox for Windows                          1.0           170
Paradox for Windows Runtime                  1.0           75
Paradox for Windows LAN Pack                 1.0           80
Paradox                                      4.0           146
Paradox Russian                              4.0           127
Paradox Engine & Database Framework          3.0           110
Paradox Engine                               3.0           60
Paradox Runtime                              4.0           86
Paradox LAN Pack                             4.0           80
ObjectVision                                 2.1           48
ObjectVision Pro                             2.1           90
Quattro Pro Russian                          4.0           72
Quattro Pro for Windows                      1.0           85

                          ПП фирмы Symantec
Название продукта                           Версия      Цена (USD)
---------------------------------------------------------------------
Actor                                        2.0           40
Time Line Russian                            5.0           70
Time Line                                    5.0           144
Time Line for Windows                        1.0           144
Norton Antivirus for DOS/Win                 2.1           28
Norton Backup (for DOS/Win)                  2.0           35
Norton Utilities                             6.01          20
Norton Utilities                             7.0           73
Norton Commander Russian                     3.0           14
Norton Commander English                     3.0           14
Norton Commander                             4.0           55
Norton DeskTop for Windows                   2.0           57
Norton DeskTop for DOS                       1.0           57
Norton Editor                                2.0           28
Norton PC Anywhere Complete                  4.5           38
Norton PC Anywhere LAN                       4.5           55
Zortech C++ for Mac                                        445
Modula-2 DOS/WIN                             4.0           43
THINK C for MAC                              5.0           330
THINK Pascal for MAC                         4.0           275
Q&A                                          4.0           93
Q&A Network Pack                             4.0           82
.
                                - 2 -

                         ПП фирмы Microsoft
Название продукта                           Версия      Цена (USD)
---------------------------------------------------------------------
Windows Russian                              3.1           95
Exel for Windows Russian                     4.0           155
Windows                                      3.1           95
Windows SDK/CD ROM                           3.1          239
Windows DDK/CD ROM                           3.1          239
Word for Windows                             2.0          155
Exel for Windows                             4.0          155
Works for Windows                            2.0          180
MS-DOS Retall Upgrade rus.                   5.0           63
MS-DOS Retall Upgrade                        6.0           95
Russian Works                                2.0           71
Works                                        3.0          179
Word                                         5.5          119
FoxPro Single User                           2.5          155
FoxPro for Win                               2.5          155
FoxPro Runtime/Exe                           2.5          155
FoxPro Runtime/Exe for Win                   2.5          155
FoxPro Library Kit                           2.5          155
FoxPro Library Kit for Win                   2.5          155
FoxGraph                                     1.0          119
Fortran                                      5.1          119
Macro Assembler                              6.1          119
MS C7/C++                                    7.0          599
Quick C                                      2.5          119
Quick C 2.5/Quick Assembler 1.0                           179
Quick C for Windows                          1.0          179
Visual Basic Standart                        2.0          119
Visual Basic Professional                    2.0          179

                     Другие программные продукты
Название продукта                           Версия      Цена (USD)
---------------------------------------------------------------------
CA-Clipper (Russian)                         5.01         110
CA-Clipper                                   5.01         360
CA-Clipper                                   5.2          955
CA-Clipper Tools Two                         5.0           65
CA-SuperCalc                                 5.01          30
Lotus 1-2-3 rus                              2.3           65
Lotus 1-2-3                                  3.0          595
Lotus 1-2-3 for Win                          1.0          495
WordPerfect Russian                          5.1           50
Aldus PageMaker                              5.0          1090
Aldus PageMaker rus                          4.0        150000 руб.
JVD Cyrillic (рус-р для Windows)                        12000 руб.
Шрифты True Type (русские, для Windows)                 15000 руб.
_____________________________________________________________________
                          Уважаемые господа!
  Если Вас заинтересовали предложенные выше программные продукты, про-
сим  непосредственно  связаться с нами на предмет уточнения цен,  т.к.
происходит их частое изменение. Надеемся на сотрудничество!
Тел. (095) 938-29-70, тел./факс (095) 137-01-50
E-mail: sturua@dials.msk.su
Адрес: 117967, Москва, ГСП-1, ул.Вавилова 40, ВЦ АН России, комн.103а.
Проезд:  от  ст.  м."Ленинский пр-т" любым трамваем до остновки "Улица
Губкина" (4-ая по направлению от центра города).
