
╒══════════════════════════════════════════════════════════════════╕
│                 SOM Premium Information Network                  │
╞══════════════════════════════════════════════════════════════════╡
│  Call 516-536-8723    (2400 bps) - 16 Nodes HIGH SPEED modems    │
│                1200, 2400, 9600 and 19,200 BPS modems            │
╞══════════════════════════════════════════════════════════════════╡
│   Now running with Hayes ULTRA and USRobotics HST DUAL Standard  │
╞══════════════════════════════════════════════════════════════════╡
│         Running PCBoard 14.5 with 16 nodes, 5.4 GIGs online!     │
╞══════════════════════════════════════════════════════════════════╡
│   Online Technical Support forums by HAYES and USRobotics Corps. │
│             -- International Hub of Smartnet Network --          │
├──────────────────────────────────────────────────────────────────┤
│   Member BBS of the Association of Shareware Professionals!      │
├──────────────────────────────────────────────────────────────────┤
│ Call TODAY. See what you've been missing.  Over 100 active mess- │
│ age bases and conferences.  Quality online TECH support by some  │
│ of the nations leading industry professionals.  1/89 referenced  │
│ by PCWorld Magazine as "one of the nations oustanding BBS's!"    │
├──────────────────────────────────────────────────────────────────┤
│         New FAX services available with YOUR modem!              │
├──────────────────────────────────────────────────────────────────┤
│  USRobotic Dual Standard (v.32 & HST) are compliant with v.32bis │
│    modems such as Codex, Microcomm, and Racal Vadex modems.      │
╘══════════════════════════════════════════════════════════════════╛

March 20, 1993
