Version Twenty, Archive Comparision Table                  [16 January 1995]
                                                        [ARC-TEST\FILES.LST]


AUTOEXEC                A copy of the autoexec.bat used for booting the
                        computer when performing these tests.

BMP.RES                 Results of the .BMP test.

BMP.SET                 List of the files used in the .BMP test.

CHANGES.TXT             A description of the changes between the current
                        version and the older versions.

COM-EXE.RES             Results of the .COM & .EXE test.

COM-EXE.SET             List of the files used in the .COM & .EXE test.

COMMENTS.TXT            A list of comments that I come across while
                        creating this table.

CONFIG                  A copy of the config.sys used for booting the
                        computer when performing these tests.

CONTACTS.TXT            A list of contacts with regards to the archiving
                        programs.

DOC.RES                 Results of the .DOC test.

DOC.SET                 List of the files used in the .DOC test.

FEATURES.TXT            A list of all the features each of the archivers
                        have.

FILES.LST               This file!

FILE_ID.DIZ             Short description about this Archive Comparision
                        Table.

LOCATION.TXT            A file containing a list of each of the archive
                        programs used within this table, and their
                        locations.

PROGRAMS.TXT            A list of all the archiving programs used.

README.TXT              Read this 1st.  Information about the Archive
                        Comparision Table.
