 %ИМЯ: PU_1700.COM
 %АВТОP: Юрий Панков, тел (254)400-71 (д), (095)325-17-47 (р).
 %АННОТАЦИЯ: {Драйвер обслуживания дискет PU_1700.}
 %ВЕРСИЯ: 5.2 от 20.09.95
 %СТАТУС: Freeware
 %ВЫПУСК: E
 %КАТАЛОГ: UPDATE
 %КЛУБ: ASM
 %ДАТА_СОЗДАНИЯ: 91-94
 %АНАЛОГИ:{800 и другие}
 %ОС: {MS-DOS  >  5.0}
 %ОГРАНИЧЕНИЯ: {нет}
 %ИСТОРИЯ: {почти все предыдущие версии были опубликованы в SP}
 %ЯЗЫК_ПРОГРАММИРОВАНИЯ: {MASM}
 %СОММЕNTS: {Работайте на здоровье}




               Уважаемые читатели Софтпанорамы!

    Вам:


 - PU_1700.COM - свежая версия драйвера обслуживания  дисководов
                 для гибких дисков стандартных и "нестандартных"
                 форматов.             Версия 5.2 от 20.09.95 г.

                           и к нему:

 - PU_1700.DOC - необходимая документация


        




           С уважением к Вам             Панков Юрий Иванович
           г. Сергиев Посад                     20.9.95 г.
              (Загорск)                    телефон домашний:
                                              (254)-400-71
                                            телефон рабочий:
                                             (095)-325-17-47
