┌───────────────────────────────────────────────────────────────────────────┐
│                         Ф и р м а   " А В Е К О "                         │
│                 Авторизированный реселлер Novell Inc. USA                 │
│               тел: (095) 212-83-82    факс: (095) 212-83-82               │
│                        E-mail:  aveko@aveko.msk.su                        │
└───────────────────────────────────────────────────────────────────────────┘
┌───────────────────────┬───┬───┬───┐┌───────────────────────┬────┬────┬────┐
│  ПРИНТЕРЫ И КАРТРИДЖИ │скл│2н.│4н.││     ВСЕ ДЛЯ СЕТЕЙ     │скл.│2нед│4нед│
├───────────────────────┼───┼───┼───┤├───────────────────────┼────┼────┼────┤
│     УЗКИЕ ПРИНТЕРЫ    │   │   │   ││NOVELL NETWARE 3.11 RUS│    │    │    │
│Star NX-1001...........│215│205│194││10 пользователей.......│ 925│ 901│ 857│
│Epson LX-800...........│223│212│201││20 пользователей.......│1294│1260│1197│
│Epson LX-100...........│244│232│220││50 пользователей.......│1839│1791│1701│
│Epson LQ-100...........│328│311│295││100 пользователей......│2576│2508│2383│
├───────────────────────┼───┼───┼───┤│ и др. продукты Novell │    │    │    │
│    ШИРОКИЕ ПРИНТЕРЫ   │   │   │   │├───────────────────────┼────┼────┼────┤
│CPF-136................│157│149│142││        ETHERNET       │    │    │    │
│Hyundai-920............│205│194│184││Ethernet 8 bit (NE1000)│  60│  57│  54│
│Microline-183..........│212│202│189││Ethernet 16 bit(NE2000)│  62│  59│  56│
│Microline-193..........│214│204│193││Compex ENET16/U, 300m..│  84│  81│  76│
│Star NX-1500...........│312│297│280││3Com 3C579, EISA.......│ 328│ 311│ 295│
│Epson FX-1000..........│367│348│330││Ethernet Repeater 2port│ 364│ 345│ 328│
│Epson LX-1050..........│425│404│382││Кабель РК-50  за 1 м...│0.29│0.28│0.26│
│Epson FX-1050..........│563│534│506│├───────────────────────┼────┼────┼────┤
│Epson FX-1170..........│607│577│546││         ARCNET        │    │    │    │
│Epson LQ-1070..........│647│615│582││Arcnet 8 bit star/bus..│  40│  38│  36│
├───────────────────────┼───┼───┼───┤│Arcnet 16 bit star/bus.│  51│  49│  47│
│КАРТРИДЖИ ДЛЯ ПРИНТЕРОВ│   │   │   ││Активный HUB 4port/ext.│  44│  42│  40│
│Microline-183/193......│3.2│3.0│2.9││Активный HUB 4port/ext.│  49│  47│  44│
│Star NX-1500...........│3.9│3.7│3.5││Активный HUB 8port/ext.│ 134│ 127│ 120│
│Star NX-1001...........│3.9│3.7│3.5││Пассивный HUB 4 port...│ 3.4│ 3.2│ 3.1│
│CPF-136................│5.2│4.9│4.8││Кабель РК-75  за 1 м...│0.19│0.18│0.17│
│Hyundai-920............│4.4│4.2│4.0│├───────────────────────┼────┼────┼────┤
│Epson LX-800...........│1.7│1.6│1.6││ИСТ-КИ БЕСПЕРЕБ.ПИТАНИЯ│    │    │    │
│Epson FX-1000,FX-1050, │   │   │   ││APC Back-UPS 400 VA....│ 330│ 313│ 297│
│      FX-1170,LX-1050..│3.5│3.3│3.1││APC Back-UPS 600 VA....│ 468│ 444│ 421│
│Epson LX-100...........│4.9│4.7│4.4││UPS monitoring board...│  95│  90│  85│
│Epson LQ-100...........│5.8│5.5│5.2│├───────────────────────┼────┼────┼────┤
├───────────────────────┼───┼───┼───┤│BNC-коннекторы.........│0.58│0.55│0.52│
│Кабель Centronics......│4.9│4.7│4.4││Терминаторы 50 Ом,93 Ом│ 1.9│ 1.8│ 1.7│
└───────────────────────┴───┴───┴───┘└───────────────────────┴────┴────┴────┘
┌────────────────────────────────────────┬───┬───┬───┐┌─────────────────────┐
│          МОДЕМЫ И ФАКС-МОДЕМЫ          │скл│2н.│4н.││      ПРИМЕЧАНИЯ     │
├────────────────────────────────────────┼───┼───┼───┤├─────────────────────┤
│                МОДЕМЫ                  │   │   │   ││  Все цены указаны  в│
│Prolink 2400 MNP5/V.42bis/int...........│ 63│ 60│ 57││USD,  цена в рублях -│
│Prolink 2400 MNP5/V.42bis/ext...........│ 85│ 81│ 77││по курсу ММВБ + 3%.  │
│GVC SM24HV MNP5/V.42bis/int.............│127│120│114│├─────────────────────┤
│GVC SM24V  MNP5/V.42bis/ext.............│155│147│140││  скл -   цены    при│
│GVC SM96HV MNP5/V.42bis/V.32/int........│239│227│214││поставке со склада;  │
├────────────────────────────────────────┼───┼───┼───┤│  2н. -   цены    при│
│              ФАКС-МОДЕМЫ               │   │   │   ││поставке   в  течение│
│Prolink 9624 MNP5/V.42bis/int...........│101│ 96│ 91││2-х недель;          │
│Prolink 9624 MNP5/V.42bis/ext...........│118│113│107││  4н. -    цены   при│
│GVC FM9696/24HV MNP5/V.42bis/int........│149│142│135││поставке  в   течение│
│GVC FM9696/24V  MNP5/V.42bis/int........│164│156│147││4-х недель.          │
│GVC FM144/144HV MNP5/V.42bis/V.32bis/int│312│297│281│├─────────────────────┤
│GVC FM144/144V  MNP5/V.42bis/V.32bis/ext│335│318│302││  На все оборудование│
├────────────────────────────────────────┼───┼───┼───┤│гарантия 1 год.      │
│            ПОКЕТ ФАКС-МОДЕМЫ           │   │   │   │├─────────────────────┤
│Prolink 9624 MNP5/V.42bis...............│146│139│132││  Услуги  посредников│
│GVC FMM9696/24V MNP5/V.42bis............│186│177│168││оплачиваются.        │
└────────────────────────────────────────┴───┴───┴───┘└─────────────────────┘
┌───────────────────────────────────────────────────────────────────────────┐
│                         Ф и р м а   " А В Е К О "                         │
│                 Авторизированный реселлер Novell Inc. USA                 │
│               тел: (095) 212-83-82    факс: (095) 212-83-82               │
│                        E-mail:  aveko@aveko.msk.su                        │
└───────────────────────────────────────────────────────────────────────────┘
