
                    +-------------------------------------+
                    |                                     |
                    |   ClarioNoos Bulletin Board System  |
                    |   Operating 20:00 - 8:00 every day  |
                    |     300/1200/2400 bps with MNP5     |
                    |   Your  SysOp:  Dmitry  Semibratov  |
                    |            NOOS PTE Ltd.            |
                    +-------------------------------------+

REAL NAMES only, please.
Пожалуйста НЕ используйте псевдонимы!

Sirs! Please use MNP as possible  - very bad telephone line !!!
Господа! Если возможно используйте  MNP - очень плохая линия!!!

  Created : 29/04/1992
╒══════╤══════════════════════════════════════════════════════════════════════╕
│ #  1 │ General information                         Access Level : DISGRACE  │
├──────┴───────────────┬───────────────────────────────┬──────────────────────┤
│ ░░░░░▒▒▒▒▒▓▓▓▓▓█████ │    756 KBytes in    48 Files  │ █████▓▓▓▓▓▒▒▒▒▒░░░░░ │
╘══════════════════════╧═══════════════════════════════╧══════════════════════╛
                 >>> FRQ specific info recieve by HELP FRQ <<<                 

-       FIDO related files

POL5_22.ARJ    31447 20/04/92* 001 FIDO Policy (Draft) v.5.22 form 29.11.89.
NEWSYSOP.ARJ   19382 20/04/92* 003 New SysOp orientation information by IFNA
SU_BBS97.ARJ    8914 20/04/92* 006 ExSoviet DisUnion BBS list. Dated 08.02.92.
SU2FON.ARJ      7877 20/04/92* 006 Above list converter to Telix dial directory
UBLIST.ARJ     11708 20/04/92* 004 New list of 1/6 part of dry land BBS. Dated
                                     28.02.92.
UBL2TLX.ARJ    13109 20/04/92* 003 Above list converter to Telix dial directory
UBL_VIEW.ARJ   14438 20/04/92* 001 Nice UBList viewer. Try 54h mode on Paradise
                                     & ATI. Thanks to Lavrentyev Mikel.

-       ClarioNOOS related files

CLARNOOS.NEW   15527 28/04/92* 012 Новые  файлы за последний месяц
CLARNOOS.BST    1897 28/04/92* 014 Самые популярные файлы ClarioNOOS BBS
CLARNOOS.LST   23642 28/04/92* 006 Файлы BBS ClarioNoos
CLARNOOS.ZIP    8846 28/04/92* 087 То же, в упакованном виде
CNPOLICY.TXT    2787 22/01/92  007 Наши правила для Upload/Download
CNPOLICY.ZIP    2297 20/04/92* 045 То же, в упакованном виде
NOOSHIS.TXT     1681 30/01/92  003 Краткая информация о фирме NOOS
NOOSHIS.ZIP     1618 20/04/92* 025 То же, в упакованном виде

-       Other BBS filelists (may be not up to date!)

PD_LIST.ARJ    31186 20/04/92* 001 Player Dreams BBS.
PD_POLIC.ARJ    2452 20/04/92* 002 Player Dreams BBS Policy.
PHANTOM.ARJ    12112 20/04/92* 001 Phantom Group description.
SERVICE.ARJ     3514 20/04/92* 001 Phantom Group services.
APPENDIX.ARJ    3084 20/04/92* 000 Phantom Group services appendix.
UGL_V16.ARJ     1952 20/04/92* 000 UNITED GROUP International BBSes list v16
ALEX.ZIP        8587 20/04/92* 005 Alexanders BBS.
ASTROPRO.ARJ    6779 20/04/92* 002 AstroPro BBS.
AVIABANK.ARJ    8786 20/04/92* 003 Aviabank BBS.
AWAX-CBL.ZIP   10796 20/04/92* 002 AWAX-CBL 24h BBS.
BACKPNL.ZIP     7158 20/04/92* 002 BackPanel for FrontDoor BBS.
CHIPALL.ZIP     2277 20/04/92* 007 Chip'n'Dale BBS.
ELVIS.ZIP       9050 20/04/92* 001 ELVIS BBS.
HIT_LST.ARJ     6221 20/04/92* 001 HIT! BBS from Cheboksary.
GREENSFT.ARJ   17903 20/04/92* 001 GreenSoft Private BBS.
JVD1ALL.ZIP    50012 20/04/92* 002 Dialogue JV BBS.
JVDS.ZIP        8929 20/04/92* 002 Dialogue JV Science Center BBS.
LSTAR_L.ZIP    21876 20/04/92* 002 Little Star BBS.
NDSUPALL.ZIP   26137 20/04/92* 002 Net Dialogue JV Support BBS.
NDIRALL.ZIP    17386 20/04/92* 002 Night Director BBS.
RG_LST.ARJ     10344 20/04/92* 002 Red Gate BBS.
RIVENDEL.ZIP   10813 20/04/92* 002 Rivendell BBS.
SOL_WIND.ZIP   12489 20/04/92* 002 Solar Wind BBS from freetown Zelenograd.
VELUSALL.ZIP   20572 20/04/92* 001 Metal Hearth of Vellus BBS.
WBLST.ZIP      41919 20/04/92* 001 White Bear BBS.
WOLF.ZIP       49121 20/04/92* 002 Wolf the Gray BBS.

-       International BBS filelists (may be not up to date)

BGBBS003.ARJ    2092 20/04/92* List of BBSes in Bulgaria, includes anti-viral
                                     BBSes in Sofia
UKBBPRNB.ZIP   43488 20/04/92* List of BBSes in Great Britain, there are so
                                     many different ones for everybody

-       Information technolgies

IPX.ARJ        17804 20/04/92* 000 Internetwork packet exchange protocol.
NEWTECHR.ARJ   21970 20/04/92* 005 Промышленное производство информационных
                                     систем
NEWTECHE.ARJ   22023 20/04/92* 003 Английский вариант.
SEALINK.ARJ    24668 20/04/92* 001 SEALink file transfer protocol description.
XYZMODEM.ARJ   58320 20/04/92* 004 X,Y and Zmodem file transfer protocol
                                     description.





╒══════╤══════════════════════════════════════════════════════════════════════╕
│ #  2 │ IBM: New Files                              Access Level : DISGRACE  │
├──────┴───────────────┬───────────────────────────────┬──────────────────────┤
│ ░░░░░▒▒▒▒▒▓▓▓▓▓█████ │   3671 KBytes in    40 Files  │ █████▓▓▓▓▓▒▒▒▒▒░░░░░ │
╘══════════════════════╧═══════════════════════════════╧══════════════════════╛
                 >>> FRQ specific info recieve by HELP FRQ <<<                 

-      Антивирусы

AIDS223E.ARJ   49421 20/04/92* 002 Lozinsky's for 223 bugs in English
AIDS280.ARJ   111897 20/04/92* 005 Lozinsky's for 280 bugs
AIDS302.ARJ   117269 27/04/92* 000 Lozinsky's for 302 bugs


-      Архиваторы

ARCVIEW.ARJ    29964 20/04/92* 000 Working ARCviewer. Thanks to Joseph
                                     Petviashvili
AVIEW.ARJ      30224 20/04/92* 002 Configurable archive viewer.
ARJ230.EXE    200363 31/01/92  002 Great! Standalone ARJ v.2.30!!!
ARJ230BT.ARJ   85965 20/04/92* 002 New ARJ, great but only BETA-test
ARJ222.EXE    187896 26/11/91  001 Stanalone ARJ v.2.22
LHA213.EXE     44537 13/12/91  000 New Lharc. Thanks to Yoshi
PAK250.EXE    102295 01/12/90  001 Standalone PAK v.2.50
PKZ193A.ARJ    60577 20/04/92* 003 New ZIP, ever ALFA
PKZ120.EXE    149748 25/04/91  001 Standalone ZIP v.1.20
PKZM104.EXE   130304 11/01/91  001 ZIP shell
SHEZ64.ARJ    145925 20/04/92* 002 Another ARChive shell and companion
TD211REG.ARJ   96026 20/04/92* 003 Diskette fax machine by Sydex.

-      Локализация

KEYRUS.ARJ     59523 20/04/92* 004 Multifunctional cyrillic driver
LCLMSDOS.ARJ   33429 20/04/92* 008 Standard DOS Russian driver. Great!
RUSJOKE.ARJ     2652 20/04/92* 004 Out-of-the-way Russian driver. Thanks to
                                     Nicolo Massone

-      Утилиты

BACKIT.ARJ     31333 20/04/92* 000 Backup program. Gazelle Systems.
CHIPSET.ARJ    31059 20/04/92* 002 Useful Neat utilites
DDUP311P.ARJ   79201 20/04/92* 001 Disk duplicator Professional Edition.
FDFORM18.ARJ  101946 20/04/92* 000 Floppy disk format extender.
FILL30.ARJ     31630 20/04/92* 000 Diskette filler.
HYPER430.ARJ  261416 20/04/92* 000 Registered Hyperdisk, Greatest cache in
                                     world
MIM.ARJ        32917 20/04/92* 006 Micromir Editor
NC_PRIPA.ARJ   56878 20/04/92* 007 Norton Commander selection extender. Thanks
                                     to V. Komyaggin
ONEPASS.ARJ    12247 20/04/92* 003 One pass diskcopy!
OPTUNE.ARJ     68935 20/04/92* 001 Disk optimizer. Gazelle Systems (with DOC).
SUPRSTOR.ARJ   74817 20/04/92* 008 Xcellent real-time disk compressor. Similar
                                     to STACKER, but smarter and lesser.
QRAM20.ARJ    187028 20/04/92* 000 286 Neat High memory loader & optimizer.
TSR3_2.ARJ     72559 20/04/92* 001 Well known TSR Utilites v.3.2 Thanks to
                                     Turbo Power Software.
TV249TST.ARJ   42681 20/04/92* 000 TV test table #0249 for your monitor. Check!

-      Коммуникации

       Рекомендую ВСЕМ своим пользователям качать файлы
       в обе стороны ОДНОВРЕМЕННО с помощью этого протокола!
       Это позволяет иметь почти неограниченное время доступа!

HSLINK10.ARJ   84166 20/04/92* 021 High speed link protocol v.1.0 standard

TLX315-1.ARJ  137724 20/04/92* 003 Telix v.3.15. - Smallest communication
                                     program in world Part 1
TLX315-2.ARJ  117641 20/04/92* 004 Telix v.3.15. Part 2
TLX315-3.ARJ   60064 20/04/92* 002 Telix v.3.15. Part 3

TMATE301.ARJ  159234 20/04/92* 001 Telemate v.3.01 - Greatest communication
                                     program in world Part 1
TMATE301.A01  159400 10/02/92  001 Telemate v.3.01 Part 2
TMATE301.A02  159189 10/02/92  000 Telemate v.3.01 Part 3
TMATE301.A03   70976 10/02/92  001 Telemate v.3.01 Part 4 (Doc only may not DL)





╒══════╤══════════════════════════════════════════════════════════════════════╕
│ # CD │ Clarion-related Demo files                  Access Level : DISGRACE  │
├──────┴───────────────┬───────────────────────────────┬──────────────────────┤
│ ░░░░░▒▒▒▒▒▓▓▓▓▓█████ │   2119 KBytes in   106 Files  │ █████▓▓▓▓▓▒▒▒▒▒░░░░░ │
╘══════════════════════╧═══════════════════════════════╧══════════════════════╛
                 >>> FRQ specific info recieve by HELP FRQ <<<                 

AKAFONTL.ARJ  131955 20/04/92* 001 LEM для заказных и пиктографических шрифтов.
                                     Anthony Kirk Associates.
CLARDEMO.ARJ  154564 20/04/92* 002 Фирменный демонстрационный диск v.2.1
                                     Clarion Software часть 1
CLARDEMO.A01  154901 23/01/92  003 Demo v.2.1 Clarion Software часть 2
CLARDEMO.A02  154919 23/01/92  002 Demo v.2.1 Clarion Software часть 3
CLARDEMO.A03  149129 23/01/92  002 Demo v.2.1 Clarion Software часть 4
GRA4DEMO.ARJ  149613 20/04/92* 002 Фирменный демонстрационный диск Graphics LEM
                                     v.4.1 Clarion Software часть 1
GRA4DEMO.A01  149312 07/02/92  001 Demo Graphics LEM v.4.1 Clarion Software
                                     часть 2
GRA4DEMO.A02  141793 07/02/92  001 Demo Graphics LEM v.4.1 Clarion Software
                                     часть 3
QDEMOS.EXE    165825 20/11/91  002 LEM для формирования запросов a la QBE в
                                     Clarion. Cook Database Design Inc.

- Очень много полезных утилит и мелочей к Clarion v.2.1
  Краткие комментарии в Readme.Doc... Счастливого плавания!

README.DOC      7171 13/02/92  019 Получено 07/02/92. Не тестировано.
2UPLABEL.COM    2092 09/03/90  006 Получено 07/02/92. Не тестировано.
ARROW.COM      32607 09/03/90  007 Получено 07/02/92. Не тестировано.
BARGRAPH.COM    3567 09/03/90  006 Получено 07/02/92. Не тестировано.
BRFCLA2.COM    12292 09/03/90  004 Получено 07/02/92. Не тестировано.
CHIPS.COM       3106 09/03/90  004 Получено 07/02/92. Не тестировано.
CHKSTR.COM      4261 09/03/90  004 Получено 07/02/92. Не тестировано.
CLEARERR.COM    1658 09/03/90  004 Получено 07/02/92. Не тестировано.
CLNDR.COM      13781 09/03/90  004 Получено 07/02/92. Не тестировано.
COMMANDR.COM    8594 09/03/90  004 Получено 07/02/92. Не тестировано.
CONTROL.COM    10450 09/03/90  005 Получено 07/02/92. Не тестировано.
DISPFIL3.COM    8137 09/03/90  006 Получено 07/02/92. Не тестировано.
DISPFILE.COM    5975 09/03/90  005 Получено 07/02/92. Не тестировано.
DOSTOOL3.COM   16887 09/03/90  007 Получено 07/02/92. Не тестировано.
DRVSPACE.COM    3399 09/03/90  005 Получено 07/02/92. Не тестировано.
ENCRYPT.COM     4989 09/03/90  004 Получено 07/02/92. Не тестировано.
EXTRACT.COM     4292 09/03/90  003 Получено 07/02/92. Не тестировано.
FORMTBL.COM    10325 09/03/90  004 Получено 07/02/92. Не тестировано.
INCLCAL.COM     3297 09/03/90  005 Получено 07/02/92. Не тестировано.
INVALPHA.COM    3245 09/03/90  004 Получено 07/02/92. Не тестировано.
ISALERT.COM     2036 09/03/90  003 Получено 07/02/92. Не тестировано.
KBRESET.COM     1520 09/03/90  003 Получено 07/02/92. Не тестировано.
LABELS3.COM     6016 09/03/90  003 Получено 07/02/92. Не тестировано.
LOCKS.COM       5698 09/03/90  003 Получено 07/02/92. Не тестировано.
MOUSE.COM       9615 09/03/90  006 Получено 07/02/92. Не тестировано.
MULTIADD.COM   10594 09/03/90  003 Получено 07/02/92. Не тестировано.
NET1.COM        8975 09/03/90  006 Получено 07/02/92. Не тестировано.
NETTOOLS.COM    8947 09/03/90  004 Получено 07/02/92. Не тестировано.
NRLPULL.COM    14500 09/03/90  002 Получено 07/02/92. Не тестировано.
NXTFLD.COM      2647 09/03/90  002 Получено 07/02/92. Не тестировано.
PAN.COM         4281 09/03/90  002 Получено 07/02/92. Не тестировано.
PSWMODEL.COM   19718 09/03/90  003 Получено 07/02/92. Не тестировано.
PTCMENU.COM     6538 09/03/90  003 Получено 07/02/92. Не тестировано.
PULLDN1.COM     5914 09/03/90  001 Получено 07/02/92. Не тестировано.
PUTKBD.COM      3280 09/03/90  003 Получено 07/02/92. Не тестировано.
READDIR.COM     5983 09/03/90  001 Получено 07/02/92. Не тестировано.
REDIRECT.COM    7693 09/03/90  002 Получено 07/02/92. Не тестировано.
REPORT5.COM     7320 09/03/90  002 Получено 07/02/92. Не тестировано.
REVRSTBL.COM    4712 09/03/90  002 Получено 07/02/92. Не тестировано.
SAAMENU.COM     2594 09/03/90  004 Получено 07/02/92. Не тестировано.
SETERR.COM      1829 09/03/90  003 Получено 07/02/92. Не тестировано.
SETKCD.COM      1800 09/03/90  003 Получено 07/02/92. Не тестировано.
SHARE.COM       7851 09/03/90  003 Получено 07/02/92. Не тестировано.
SHOWTREE.COM   29969 09/03/90  004 Получено 07/02/92. Не тестировано.
SOUND.COM       3240 09/03/90  004 Получено 07/02/92. Не тестировано.
SOUNDEX.COM     3683 09/03/90  004 Получено 07/02/92. Не тестировано.
SUPERNET.COM   14819 09/03/90  003 Получено 07/02/92. Не тестировано.
TROUND.COM      2780 09/03/90  001 Получено 07/02/92. Не тестировано.
UNALERT.COM     4796 09/03/90  003 Получено 07/02/92. Не тестировано.
UNTAB.COM      12050 09/03/90  003 Получено 07/02/92. Не тестировано.
UTILPAK.COM     6955 09/03/90  002 Получено 07/02/92. Не тестировано.
VIDTEST.COM     3843 09/03/90  003 Получено 07/02/92. Не тестировано.
WARNA.COM      24487 09/03/90  003 Получено 07/02/92. Не тестировано.
WILDCARD.COM   10206 09/03/90  002 Получено 07/02/92. Не тестировано.
ZIP_FONE.COM    5073 09/03/90  003 Получено 07/02/92. Не тестировано.
READHD2.EXE    95415 09/03/90  001 Получено 07/02/92. Не тестировано.
ALERTTEC.ZIP    4806 20/04/92* 007 Получено 07/02/92. Не тестировано.
ARROWS_2.ZIP   14020 20/04/92* 009 Получено 07/02/92. Не тестировано.
BARPRINT.ZIP    5377 20/04/92* 004 Получено 07/02/92. Не тестировано.
BIGCLOCK.ZIP    2460 20/04/92* 009 Получено 07/02/92. Не тестировано.
BIGLET.ZIP      3366 20/04/92* 007 Получено 07/02/92. Не тестировано.
BLANKER.ZIP     2552 20/04/92* 004 Получено 07/02/92. Не тестировано.
CALC2102.ZIP   23263 20/04/92* 010 Получено 07/02/92. Не тестировано.
CREF2102.ZIP   22080 20/04/92* 005 Получено 07/02/92. Не тестировано.
CURSOR.ZIP      1438 20/04/92* 005 Получено 07/02/92. Не тестировано.
DATEFIND.ZIP    8005 20/04/92* 003 Получено 07/02/92. Не тестировано.
DIM.ZIP         1538 20/04/92* 005 Получено 07/02/92. Не тестировано.
DIRDEMO.ZIP     8006 20/04/92* 005 Получено 07/02/92. Не тестировано.
DLT10.ZIP       5132 20/04/92* 003 Получено 07/02/92. Не тестировано.
ENCRYPT.ZIP     4467 20/04/92* 002 Получено 07/02/92. Не тестировано.
FILETYPE.ZIP    2378 20/04/92* 005 Получено 07/02/92. Не тестировано.
FREEMEM.ZIP     3870 20/04/92* 005 Получено 07/02/92. Не тестировано.
GETDEL.ZIP      2417 20/04/92* 002 Получено 07/02/92. Не тестировано.
KBFAST.ZIP      1788 20/04/92* 002 Получено 07/02/92. Не тестировано.
KEYSPEED.ZIP    2777 20/04/92* 003 Получено 07/02/92. Не тестировано.
LISTER.ZIP      3569 20/04/92* 003 Получено 07/02/92. Не тестировано.
LOCKS.ZIP       5460 20/04/92* 003 Получено 07/02/92. Не тестировано.
MENUZ.ZIP       2633 20/04/92* 006 Получено 07/02/92. Не тестировано.
NETTOOLS.ZIP    8425 20/04/92* 006 Получено 07/02/92. Не тестировано.
NTWK_RHR.ZIP   14890 20/04/92* 003 Получено 07/02/92. Не тестировано.
NUM2HEX.ZIP     1378 20/04/92* 003 Получено 07/02/92. Не тестировано.
OVLAY.ZIP       6447 20/04/92* 009 Получено 07/02/92. Не тестировано.
PTC_SAA.ZIP     2924 20/04/92* 003 Получено 07/02/92. Не тестировано.
PTCMENU2.ZIP    6136 20/04/92* 003 Получено 07/02/92. Не тестировано.
PUT_XKEY.ZIP    2511 20/04/92* 004 Получено 07/02/92. Не тестировано.
PUTCURS.ZIP     2525 20/04/92* 004 Получено 07/02/92. Не тестировано.
PUTKBD2.ZIP     3622 20/04/92* 004 Получено 07/02/92. Не тестировано.
PUTKEYS.ZIP     2925 20/04/92* 002 Получено 07/02/92. Не тестировано.
RVRSTBL.ZIP     5660 20/04/92* 003 Получено 07/02/92. Не тестировано.
SHOWFONT.ZIP   14232 20/04/92* 005 Получено 07/02/92. Не тестировано.
SNDXDEMO.ZIP    2626 20/04/92* 003 Получено 07/02/92. Не тестировано.
SOUNDER.ZIP     2407 20/04/92* 005 Получено 07/02/92. Не тестировано.
TIMER.ZIP       1567 20/04/92* 006 Получено 07/02/92. Не тестировано.
TK_MENUS.ZIP    5170 20/04/92* 004 Получено 07/02/92. Не тестировано.
TKMENGEN.ZIP   19110 20/04/92* 005 Получено 07/02/92. Не тестировано.
VIDMODE.ZIP     2765 20/04/92* 004 Получено 07/02/92. Не тестировано.
VIDTEST.ZIP     3506 20/04/92* 003 Получено 07/02/92. Не тестировано.





╒══════╤══════════════════════════════════════════════════════════════════════╕
│ # CI │ Clarion-related Information                 Access Level : DISGRACE  │
├──────┴───────────────┬───────────────────────────────┬──────────────────────┤
│ ░░░░░▒▒▒▒▒▓▓▓▓▓█████ │     57 KBytes in    20 Files  │ █████▓▓▓▓▓▒▒▒▒▒░░░░░ │
╘══════════════════════╧═══════════════════════════════╧══════════════════════╛
                 >>> FRQ specific info recieve by HELP FRQ <<<                 

CLARION3.0      4005 12/12/91  017 Новости о версии 3.0
NEWCPD30.ZIP    2678 20/04/92* 020 То же, в упакованном виде
CLSOFHIS.TXT    2724 07/02/92  003 Краткая информация о фирме Clarion Software
CLSOFHIS.ZIP    2221 20/04/92* 013 То же, в упакованном виде
CLAR&JPI.ZIP    2863 20/04/92* 024 Новости о соединении Clarion Software и JPI

-       Clarion Professional Developer v2.1

PRICLIST.TXT    1552 07/02/92  003 Список цен на продукцию Clarion Software.
PRICLIST.ZIP    1298 20/04/92* 014 То же, в упакованном виде
DIFF0807.ZIP    3899 20/04/92* 010 Отличия batch 2108 от batch 2107
RELVERS.TXT     2160 29/01/92  001 Обновление релиза batch 2108.
RELVERS.ZIP     1734 20/04/92* 006 То же в упакованном виде.

-       Новости from Clarion World

GRAFLEM4.TXT    4185 07/02/92  001 Новые возможности Graphics LEM v.4.1
GRAFLEM4.ZIP    2879 20/04/92* 009 То же, в упакованном виде
OVERCL01.TXT    5043 29/01/92  003 Обзор Clarion Professinal Developer 2.1
                                     часть 1
OVERCL01.ZIP    3126 20/04/92* 011 То же, в упакованном виде
OVERCL02.TXT    6095 29/01/92  003 Обзор Clarion Professinal Developer 2.1
                                     часть 2
OVERCL02.ZIP    3984 20/04/92* 011 То же, в упакованном виде
MOWUSGRP.TXT     950 23/01/92  001 Информация о Московской группе пользователей
MOWUSGRP.ZIP    1277 20/04/92* 021 То же, в упакованном виде
USGRPQ&A.TXT    2593 07/02/92  001 Что такое Clarion User's Group
USGRPQ&A.ZIP    1927 20/04/92* 016 То же, в упакованном виде





╒══════╤══════════════════════════════════════════════════════════════════════╕
│ # CU │ Clarion Utility files                       Access Level : DISGRACE  │
├──────┴───────────────┬───────────────────────────────┬──────────────────────┤
│ ░░░░░▒▒▒▒▒▓▓▓▓▓█████ │    477 KBytes in     6 Files  │ █████▓▓▓▓▓▒▒▒▒▒░░░░░ │
╘══════════════════════╧═══════════════════════════════╧══════════════════════╛
                 >>> FRQ specific info recieve by HELP FRQ <<<                 

-       Утилиты и полезные мелочи для Clarion v.2.0-2.1

CBMU.ARJ       58197 20/04/92* 008 Утилита для захвата экрана в HLP или APP
                                     файл. АО "Интермаркет"
NGRCLA.ARJ    130331 20/04/92* 007 Norton Guide по Clarion на русском языке
SWGUIDCL.ARJ  109237 20/04/92* 006 Другой гипертекст-справочник для Clarion
INPRO154.ARJ   82920 20/04/92* 006 Система для дистрибуции приложений. DB/Soft
                                     Publishing Co.
CLARCLUG.EXE   77401 20/11/91  005 Утилита для запуска нескольких сеансов
                                     Clarion
OVL_SCA1.ZIP   19591 20/04/92* 016 Генератор оверлейной структуры.





╒══════╤══════════════════════════════════════════════════════════════════════╕
│ # DM │ Free DEMO versions                          Access Level : DISGRACE  │
├──────┴───────────────┬───────────────────────────────┬──────────────────────┤
│ ░░░░░▒▒▒▒▒▓▓▓▓▓█████ │    202 KBytes in    12 Files  │ █████▓▓▓▓▓▒▒▒▒▒░░░░░ │
╘══════════════════════╧═══════════════════════════════╧══════════════════════╛
                 >>> FRQ specific info recieve by HELP FRQ <<<                 

CALENDAR.ARJ   14297 20/04/92* 017 Календарь-будильник с INI файлом. АО
                                     "ФЭСТ-Диалог"
FLAG.ARJ        5905 20/04/92* 002 Little joke from Alexandr Kelner.
EBK.ARJ        46430 25/04/92* 000 Electronic book. Small hypertext system.
TWICE!.ARJ      1451 27/04/92* 000 Other little joke for running twice.

- >>> Несколько утилит предлагает попробовать Владимир Волынский <<<

BABA_EGA.ARJ    4007 20/04/92* 004 Это всего лишь русский драйвер!
BREAK.ARJ       1609 20/04/92* 001 Управление Config.SYS.
MEM_TEST.ARJ    1658 20/04/92* 002 Интенсивный тест памяти в protected mode.
SPRINT.ARJ      1388 20/04/92* 003 Turbo для компьютера.(??)
STARR.ARJ       9688 20/04/92* 005 Русские буквы на любом принтере Star!
STOP.ARJ        1881 20/04/92* 004 Очень Control-Break. Даже Digger!


- >>> Несколько утилит предлагает попробовать Михаил Воробьев <<<

CALMDEMO.EXE   92000 17/03/92  002 Data analysis utility. DEMO version.
MIKGEN.ARJ     21705 20/04/92* 003 Shareware screen designer from Michael G.
                                     Vorobiov





          Total Number of Files : 232  Total Size : 7 MByte
╓───────────────────────────────────────────────────────────────────────────╖
║       This list created by Febbs 1.91 (c) 1990,91 FenrisUlven Data        ║
╟───────────────────────────────────────────────────────────────────────────╢
║                      Registered to Dmitry Semibratov                      ║
╙───────────────────────────────────────────────────────────────────────────╜

 ■■■ Filearea Overview Report 

     Created : 29/04/1992

 ──────────────────────────────────────────┬────────────┬──────────────
 FileArea Name                             │ Size (Kb)  │  # of Files    
 ──────────────────────────────────────────┼────────────┼──────────────
 General information...................... │      756   │      48
 IBM: New Files........................... │     3671   │      40
 Clarion-related Demo files............... │     2119   │     106
 Clarion-related Information.............. │       57   │      20
 Clarion Utility files.................... │      477   │       6
 Free DEMO versions....................... │      202   │      12
 ──────────────────────────────────────────┼────────────┼──────────────
 Total :                                   │       7 Mb │     232

     This List Created By Febbs 1.91 (c) 1990,91 FenrisUlven Data

                        Registered to Dmitry Semibratov                         

