Echomail conferences available on 490/40

*** Fidonet echomail conferences

* Distributed worldwide - English allowed only
4DOS             4DOS tricks and tips
C_ECHO           Programming in C
C_PLUSPLUS       Programming in C++
CLONE            PCs and compatibles
GAMING           Computer games
HDCONF           All about hard disks
LAN              Local area networks
MUFFIN           Maximus users' discussions
PASCAL           Programming in Pascal
PEP              PEP modems
VIRUS            Computer viruses
VIRUS_INFO       Computer viruses

* Distributed in zone 2 - English allowed only
EECH             European echomail coordinating - for zone 2 sysops
ENET.SYSOP       European sysops' talks - for zone 2 sysops
FTSC             FTSC private talks - for FTSC members

* Distributed in Region 49 - Estonian and English allowed only
EW.BEER          Intoxicating stuff
EW.BULLSHIT      Bullshit talks
EW.DIGEST        Digest of the day
EW.HARDSOFT      Hard- and software problems
EW.JUTUTUBA      Estonian INTERUSER
EW.NALJAD        Jokes and humour
EW.SCIFI         Extracts from science fiction literature
EW.TEST          Test messages

* Distributed in Region 49 and nearby - Estonian and English allowed only
EW.BUSINESS      Selling-buying-exchanging, job requests and offers...

* Distributed in Net 490 - Estonian and English allowed only
EW.SYSOP         Estonian sysops' talks - for net 490 sysops

* Distributed in Region 49; for sysops - English allowed only
REGION.49        Region-wide information exchange - for region 49 sysops

* Distributed in Region 50 and nearby - Russian and English allowed only
SU.BUSINESS      Selling-buying-exchanging, job requests and offers...
SU.FLAME         Bullshit talks
SU.GENERAL       Soviet INTERUSER
SU.HARDSOFT      Hard- and software problems
SU.HARDW         Hardware problems
SU.HITECH        High technology
SU.HUMOR         Jokes and humour
SU.MUSIC         Talks about music
SU.POL           Politics
SU.SOFTW         Software problems
SU.WINDOWS       Windows programming

* Distributed in Region 50 and nearby - Russian and English allowed only
SU.SYSOP         Sysops' talks - for sysops

*** Bitnet edited conferences - English allowed only
BALT-L           Information about Baltic states
