                       McAfee VirusScan 2.2.6 for DOS


Packing List and Validation Codes       PACKING.LST

VirusScan Program                       SCAN.EXE
Virus Detection Data                    SCAN.DAT
Virus Clean Up Data                     CLEAN.DAT
Virus Names Data                        NAMES.DAT
Documentation for VirusScan             VIRUSCAN.TXT

Validate Program                        VALIDATE.EXE

Registration Information,
License Agreements,
Listing of McAfee Authorized Agents,
Free CompuServe Account Information     README.TXT

New features in this release            WHATSNEW.TXT

Registration Information                REGISTER.TXT
License Agreements                      LICENSE.TXT
Listing of McAfee Authorized Agents     AGENTS.TXT
BBS Zip File Identification             FILE_ID.DIZ

Validation codes for the programs and Virus Data Files included
in this package:

 
SCAN     EXE    104701  09-14-95   2:26a   81A4   4A91
VALIDATE EXE     15958  09-14-95   2:26a   6371   071A
 
CLEAN    DAT     77169  09-14-95   2:26a   8CEB   80C0
NAMES    DAT    181946  09-14-95   2:26a   CFC8   BEE9
SCAN     DAT    180348  09-14-95   2:26a   3179   4994
 
