For quick installation, just type in dos prompt
set rxlib=c:\directory\where\rexx\
and also put to path the directory of rexx interpreter.

rx.exe          57357    - Rexx interpreter
files.lst        1972    - this file
conio.r          2731    - Console I/O library
files.r          1507    - Files I/O library

about.doc       15227    - About rexx
rx.doc          63193    - Rexx document, installation + commands
internal.doc     5275    - Some internal features of this rexx

3dplot.r          582    - A 3dplot program in text mode
awari.r          9015    - An African game of logic
banner.r        12427    - Display big banners
circle.r          634    - Sample graphics program in MCGA mode
code.r            549    - Sample file I/O, program encryption
df.r             7230    - Calculate derivatives of functions (algebraic)
algebra.fun       310    - ... derivatives of several functions
fact.r            907    - Calculate factorial, recursivly test
intr.r            288    - Sample of usage interrupts within rexx
lines.r           917    - Count lines of files, using File IO + stack
monday.r        29368    - An adventure game (from network)
cp.r              227    - Some (VM) CP commands used by monday.r
panel15.r        7144    - Puzzle where one piece is missing (from network)
poetry.r         4619    - Poetry
stars.r           376    - Random stars
tb.r             2904    - Big Time banner
