               Уважаемые читатели Софтпанорамы !

     1. Вашему вниманию представлены:

    PU_1700.COM - драйвер - расширитель форматов гибких носите-
                  лей версии 2.8.
    PU_1700.DOC - необходимая документация.


     А также:

       PU_copFD - одна из "примочек" к драйверу PU_1700, версии
                  2.1.  При запуске  с  параметром  /? на экран
                  выводится довольно подробная инструкция.


     2. Разное.

     Утилита TELEDISK прекрасно копирует любые  форматы дискет,
даже не Dos формата, работая на уровне портов контроллера. Но:
     - делает это слишком долго. Попробуйте скопировать дискету
       большого формата, например 1.72 MB, в  файл и обратно  -
       - минут 20 !
     - копии дискет оптимальной производительности  читаются  в
       "число секторов на треке" раз медленнее,  чем оригиналы!
       При чем, все копии читаются с такой скоростью.
     - копии дискет максимального объема могут не  читаться  на
       Вашем же дисководе !
     - сжатый  по  максимуму файл образа "пустой" дискеты имеет
       размер в сотни килобайт!
     - и т.д.

     Зато какой сервис с пользователем!  "Примочка" к PU_1700 -
утилита  PU_copFD имеет "первобытный" интерфейс с пользователем
в виде командной строки, работает не на физическом уровне, име-
ет примитивнейший алгоритм сжатия, не копирует дискеты с разме-
ром сектора более 512 байт,  но все,  что может, делает гораздо
быстрее и качественнее. Файлы-образы "пустых" дискет формата PU
не превышают 750 байт и еще могут быть ужаты любым архиватором!
Кстати,  несжатый  образ  "пустой"  дискеты  (такая возможность
есть) все архиваторы очень долго сжимают в файл размером 2 - 20
килобайт  -  заметно уступая моему "примитивнейшему" и быстрому
сжатию. PU_copFD позволяет получать сжатые образы дискет (кото-
рые, в свою очередь, можно сделать еще компактнее любым архива-
тором) различных версий ОС,  прикладных пакетов и др.  даже  не
Dos-формата.  При  формировании  (восстановлении)  копий дискет
возможна оптмизация их производительности!  Работайте  на  здо-
ровье!  Возможно  Вам  понравится  и  эта "примочка" к драйверу
PU_1700. О вознаграждении автора в нашем, попрежнему непонятном
обшестве  не может быть и речи,  даже если автор понравившегося
Вам программного продукта работает сутками.




           Желаю успехов!            Панков Ю.И.    05.03.92 г.
           г. Сергиев Посад          тел. в Москве: 252-43-94
             (Загорск)

