# This is the rules file.
# This file is made up of lines of the form
#      pre|post <prefix/suffix> <required> <forbidden> <delete> 
# Any blank fields should contain a single "-" all fields separated by 
# white space. A "#" in the first character position indicates a comment 
#
## Prefix rules
pre un - - -
pre in - - -
pre re - - -
## Suffix rules
# ive
post ive - e -
post ive e ive e
# ication
post ication y - y
# ion
post ion e - e
post ions e - e
# en
post en - e,y,id,ed -
post ens - e,y,id,ed -
# th
post ieth y - y
post th - y -
# ly
post ly - - -
# ing
post ing e - e
post ing - e -
post ings e - e
post ings - e -
# ed
post d e - -
post ied y ay,ey,iy,oy,uy y
post ed - e,y,el,ed -
post ed ay,ey,iy,oy,uy - -
# st
post iest y ay,ey,iy,oy,uy y
post est ay,ey,iy,oy,uy - -
post est - e,y,d,m,t -
post st e - -
# er
post r e - -
post ier y ay,ey,iy,oy,uy y
post er ay,ey,iy,oy,uy - -
post er - e,r,d,e,m,t -
# ers
post ers ay,ey,iy,oy,uy - -
post ers - e,r -
# rs
post rs e - -
post iers y ay,ey,iy,oy,uy y
# s
post ies y ay,ey,oy,uy y
post s ay,ey,iy,oy,uy - -
post es s,x,z,h - -
post s - s,x,z,h,y -
# ness
post iness y ay,ey,iy,oy,uy y
post ness ay,ey,iy,oy,uy - -
post ness - y -
# 's
post 's - - -
# ', ''
post ' - - -
post '' - - -
