BootChecker library: V2.12 25.06.92 (C) J.McArrow; 95 boots, 81 viruses.

      BOOTS

  Nr. Code Method Name
  --- ---- ------ ------------------------------

   1.  27  CRC   MS-DOS 1.00 format
   2.  34  CRC   MS-DOS 3.20 format
   3.  34  CRC   MS-DOS 3.20a format
   4.  34  CRC   MS-DOS 3.20a (Russian) format
   5.  34  CRC   MS-DOS 3.30 format
   6.  34  CRC   MS-DOS 3.30 (German) format
   7.  3C  CRC   MS-DOS 4.00 format
   8.  3C  CRC   MS-DOS 5.00 format
   9.  34  CRC   MS-DOS 3.20a non-standard
  10.  34  CRC   MS-DOS 3.20a IQ format
  11.  34  CRC   MS-DOS 3.30 non-standard
  12.  33  CRC   M-DOS 3.20 format
  13.  33  CRC   M-DOS 3.20 (German) format
  14.  34  CRC   M-DOS 3.30 format
  15.  27  CRC   IBM PC-DOS 1.00 format
  16.  2C  CRC   IBM PC-DOS 2.00 format
  17.  2A  CRC   IBM PC-DOS 3.00 format
  18.  29  CRC   IBM PC-DOS 3.10 format
  19.  34  CRC   IBM PC-DOS 3.20 format
  20.  34  CRC   IBM PC-DOS 3.20a format
  21.  34  CRC   IBM PC-DOS 3.30 format
  22.  3C  CRC   IBM PC-DOS 4.00 format
  23.  3C  CRC   IBM PC-DOS 5.00 format
  24.  29  CRC   KAN DOS 3.10 format
  25.  29  CRC   Alpha DOS 3.10 format
  26.  34  CRC   Alpha DOS 3.20 format
  27.  34  CRC   Alpha DOS 3.30 format
  28.  2C  CRC   ADOS 2.00 format
  29.  8C  CRC   M-86 DOS format
  30.  36  CRC   PC-DOS 3.30 non-standard 1
  31.  34  CRC   PC-DOS 3.30 non-standard 2
  32.  34  CRC   DCP 3.30 format
  33.  35  CRC   COMPAQ DOS 2.11 format
  34.  28  CRC   COMPAQ DOS 3.31 format
  35.  28  CRC   COMPAQ DOS 3.31 non-standard
  36.  1C  CRC   COMPAQ setup diskette
  37.  40  CRC   DR-DOS 5.00 format
  38.  3F  CRC   DR-DOS 6.00 format
  39.  22  CRC   Toshiba DOS 2.11 format
  40.  22  CRC   Toshiba DOS 2.20 format
  41.  2A  CRC   Toshiba DOS 3.30 format
  42.  3C  CRC   Toshiba DOS 4.00 format
  43.  29  CRC   OS/2 V1.2 format
  44.  3C  CRC   OS/2 V1.3 format
  45.  44  CRC   OS/2 V2.0 format
  46.  34  CRC   Norton Disk Doctor fix
  47.  2A  CRC   Norton Utilities 3.10
  48.  28  CRC   Peter Norton NU 4.5 SafeFormat
  49.  28  CRC   Peter Norton NU 5.0 SafeFormat
  50.  3E  CRC   PC Tools 4.x internal
  51.  29  CRC   PC Tools old internal
  52.  29  CRC   PC Tools old (Russian)
  53.  3E  CRC   PC Tools 6.0 internal
  54.  24  CRC   PC Tools 4.x PCFormat
  55.  3E  CRC   PC Tools 5 - 6 PCFormat
  56.  3E  CRC   PCFormat 5-6 (French)
  57.  3E  CRC   PC Tools 7.0 PCFormat
  58.  43  sign  PC Tools 5.5 PCBackup non-DOS
  59.  3E  CRC   PC Tools 6.0 PCBackup non-DOS
  60.  3E  CRC   PC Tools 7.0 CPBackup non-DOS
  61.  3E  CRC   PC Tools 6.0 - 7.0 DiskFix
  62.  3E  CRC   PC Tools 4.x (Russian 1)
  63.  3E  CRC   PC Tools 4.x (Russian 2)
  64.  4A  CRC   XTree Pro Gold internal
  65.  83  CRC   ZDS 3.0
  66.  3D  CRC   TSL 4.0
  67.  34  CRC   Chaplet Sys
  68.  3C  CRC   Vitamin B 1.0-1.1 for PC-DOS  A.Sessa
  69.  3C  CRC   Vitamin B 1.0-1.1 for MS-DOS  A.Sessa
  70.  3C  CRC   Vitamin B 1.0-1.1 for DR-DOS  A.Sessa
  71.  3C  CRC   Vitamin B 1.2-1.3  A.Sessa
  72.  3C  CRC   Vitamin B 1.4-1.5  A.Sessa
  73.  42  CRC   Vitamin B 1.6-1.9  A.Sessa
  74.  3C  CRC   Vitamin B 1.6-1.9 for QD  A.Sessa
  75.  1C  CRC   Quaid Analizer loader
  76.  3C  CRC   Sydex Con>Format
  77.  29  CRC   RCT Design Form360
  78.  24  CRC   HDFormat
  79.  40  CRC   FDFormat 1.8
  80.  40  CRC   FDFormat 1.8 (German)
  81.  1C  CRC   Elisoft DiskBoot
  82.  66  CRC   Boot-B (S.Numbers)
  83.  29  CRC   Gazelle
  84.  34  CRC   IBM MMED
  85.  39  CRC   SRFormat
  86.  1C  CRC   CAM-88
  87.  1C  CRC   CAM-88 (damaged)
  88.  C0  CRC   CAM (old)
  89.  FE  sign  Microsoft Windows
  90.  5E  CRC   ScArts install disk
  91.  1E  CRC   ADM 1.00 non-bootable
  92.  00  sign  Virtual disk driver
  93.  FE  CRC   MSX DOS AX-350 (Z-80)
  94.  FE  CRC   MSX DOS YD-640 (Z-80)
  95.  FE  CRC   MSX DOS Speed boot 4.0 (Z-80)


      VIRUSES

  Nr. Code Method Name
  --- ---- ------ ------------------------------

  96.  05  CRC   Stoned (Marijuana) 1
  97.  05  CRC   Stoned (Marijuana) 2
  98.  05  CRC   Stoned Rostov
  99.  05  CRC   Mikola 1.13
 100.  05  CRC   Stoned pupillary
 101.  A1  CRC   Sex Revolution V1.1
 102.  A1  CRC   Sex Revolution V2.0
 103.  05  CRC   Near Dark A
 104.  05  CRC   Near Dark A (damaged)
 105.  05  CRC   Near Dark B
 106.  AC  CRC   March 6
 107.  AC  CRC   October 1
 108.  FF  CRC   Bloody A
 109.  FF  CRC   Bloody B
 110.  3C  CRC   Gelendzik
 111.  34  CRC   Dinamo A
 112.  34  CRC   Dinamo B
 113.  B9  CRC   Clock
 114.  9F  sign  Canadian (Empire)
 115.  0E  CRC   Alive
 116.  05  CRC   Int FF
 117.  05  CRC   Stoned (unknown)
 118.  FA  CRC   LoveChild b3
 119.  8B  CRC   Azusa (Abs-2)
 120.  8B  CRC   Azusa (reassembled)
 121.  37  CRC   Devil
 122.  34  CRC   Abs-3
 123.  1C  CRC   MPhTI B
 124.  1C  CRC   MPhTI A
 125.  21  CRC   Print Screen
 126.  1C  CRC   Italian Bouncing Ball
 127.  1C  CRC   Italian Ball (Modified)
 128.  1C  CRC   Italian Ball (Hacked)
 129.  1C  CRC   Typo
 130.  EB  CRC   Disk Killer (Computer Ogre)
 131.  E9  sign  Pakistani Brain-86
 132.  E9  sign  Singapore Brain-88
 133.  E9  sign  Ashar
 134.  E9  sign  Brain (unknown)
 135.  29  sign  Den Zuk
 136.  29  sign  Ohio
 137.  1F  sign  Joshi
 138.  31  CRC   Alameda (Yale) M
 139.  31  sign  Alameda (Yale)
 140.  FF  CRC   Track Swap
 141.  --  sign  Swap (Israeli Boot)
 142.  --  sign  Chaos
 143.  --  sign  LBC Korea
 144.  --  sign  EDV
 145.  34  sign  Pentagon
 146.  --  sign  Ghost
 147.  --  sign  Nicholos
 148.  34  CRC   AirCop
 149.  --  sign  FORM
 150.  --  sign  Mardi Bros
 151.  --  sign  Microbes
 152.  36  sign  Keydrop
 153.  3C  CRC   Olga
 154.  E9  sign  Music Bug
 155.  1C  CRC   Anti-Telefonic
 156.  22  CRC   Loa Duong
 157.  3C  CRC   Spook 1.0
 158.  33  CRC   November 7
 159.  2E  CRC   Joke 1a (01.07.91)
 160.  2F  CRC   Joke 1b (V5.0)
 161.  00  CRC   Joke 2a (10.12.91)
 162.  00  CRC   Joke 2b (19.12.91)
 163.  00  CRC   Joke 3a
 164.  00  CRC   Joke 3b
 165.  00  CRC   Joke 4 (27.04.92)
 166.  05  CRC   Joke 5
 167.  --  sign  MChTI
 168.  --  sign  Filler
 169.  48  CRC   BootEXE-452  (FILE-BOOT)
 170.  49  CRC   BootEXE-451  (FILE-BOOT)
 171.  9C  CRC   Invader A  (FILE-BOOT)
 172.  9C  CRC   Invader B  (FILE-BOOT)
 173.  9C  CRC   Invader C  (FILE-BOOT)
 174.  33  CRC   Frodo  (FILE-BOOT)
 175.  9D  CRC   Troyan boot
 176.  FE  CRC   I'm not dangerous (Z-80)
