                     KEYBOARD SCAN CODES

HEX KEY     HEX KEY      HEX KEY        HEX KEY         HEX  KEY

01  ESC     12  E        23  H          34  . >         45   NUMLOCK
02  1 !     13  R        24  J          35  / ?         46   SCROLLLOCK
03  2 @     14  T        25  K          36  SHFT(RT)    47   HOME [7]
04  3 #     15  Y        26  L          37  * PRTSC     48   UP   [8]
05  4 $     16  U        27  ; :        38  ALT         49   PGUP [9]
06  5 %     17  I        28  " '        39  SPACEBAR    4A   K -
07  6 ^     18  O        29  ~ `        3A  CAPSLOCK    4B   LEFT [4]
08  7 &     19  P        2A  SHFT(L)    3B  F1          4C        [5]
09  8 *     1A  [ {      2B  \ |        3C  F2          4D   RIGHT[6]
0A  9 (     1B  ] }      2C  Z          3D  F3          4E   K +
0B  0 )     1C  BANNED   2D  X          3E  F4          4F   END  [1]
0C  - _     1D  CTRL     2E  C          3F  F5          50   DOWN [2]
0D  + =     1E  A        2F  V          40  F6          51   PGDN [3]
0E  BKSP    1F  S        30  B          41  F7          52   INS  [0]
0F  TAB     20  D        31  N          42  F8          53   DEL  [.]
10  Q       21  F        32  M          43  F9		57   F11	
11  W       22  G        33  , <        44  F10		58   F12

