PACKED.LST                                                     10/28/93

Дистрибутив ARCView содержит следующие файлы:

┌── Name ──┐ ┌─ Description ────────────────────────────┐
WHATSNEW.DOC Что нового появилось в ARCView
LICENSE .DOC Лицензионное соглашение
ARCVIEW .DOC Документация к ARCView
ARCVIEW .EXT Файл расширений к ARCView
ARCINST .EXE Программа инсталяции
ARCVIEW .EXE Собственно ARCView
SYSOPS  .NFO Маленькая просьба к господам сисопам
PACKED  .LST Это именно то, что Вы сейчас читаете... :-)
ARCV_CLR.EXE Программа настройки цветов

Если вы хотите убедится в целостности дистрибутива, попавшего к вам, то
протестируйте архив : pkunzip.exe -t arcv_6_5.zip.

Вот, что должно у вас получится:

=======================================================================
PKUNZIP (R)    FAST!    Extract Utility    Version 2.04g  02-01-93
Copr. 1989-1993 PKWARE Inc. All Rights Reserved. Registered version
PKUNZIP Reg. U.S. Pat. and Tm. Off.

■ 80486 CPU detected.
■ XMS version 3.00 detected.

Searching ZIP: ARCV_6_4.ZIP
[комментарий пропущен]
Testing: ARCVIEW.DOC   OK -AV
Testing: LICENSE.DOC   OK -AV
Testing: WHATSNEW.DOC  OK -AV
Testing: ARCVIEW.EXT   OK -AV
Testing: ARCINST.EXE   OK -AV
Testing: ARCVIEW.EXE   OK -AV
Testing: SYSOPS.NFO    OK -AV
Testing: PACKED.LST    OK -AV
Testing: ARCV_CLR.EXE  OK -AV

Authentic files Verified!   # ARC073
Sergdesign

=======================================================================

Фраза "Authentic files Verified!   # ARC073   Sergdesign" означает, что
архив никем не менялся (при этом КАЖДЫЙ файл архива должен быть помечен
значком "-AV").  Отсуствие этой фразы, или значка "-AV" у какого-нибудь
из файлов означает,  что целостность архива была нарушена и мы не можем
гарантировать, что Вы получили именно то, что хотели.

End PACKED.LST
