BootChecker library: V2.00 02.09.91 (C) J.McArrow; 46 boots, 36 viruses.

      BOOTS

  Nr. Code Method Name
  --- ---- ------ ------------------------------

   1.  27  CRC   Microsoft DOS 1.0 format
   2.  34  CRC   MS-DOS 3.20 format
   3.  34  CRC   MS-DOS 3.20 QD format
   4.  34  CRC   MS-DOS 3.30 format
   5.  34  CRC   MS-DOS 3.30 (German) format
   6.  3C  CRC   MS-DOS 4.00 format
   7.  3C  CRC   MS-DOS 5.00 format
   8.  34  CRC   MS-DOS 3.20 QD non-standard
   9.  34  CRC   MS-DOS 3.20 IQ QD format
  10.  2C  CRC   IBM PC-DOS 2.00 format
  11.  29  CRC   IBM PC-DOS 3.10 format
  12.  34  CRC   IBM PC-DOS 3.20 format
  13.  34  CRC   IBM PC-DOS 3.20 QD format
  14.  34  CRC   IBM PC-DOS 3.30 format
  15.  3C  CRC   IBM PC-DOS 4.00 format
  16.  29  CRC   KAN DOS 3.10 format
  17.  29  CRC   P-16 DOS 3.10 format
  18.  28  CRC   COMPAQ DOS 3.31 format
  19.  1C  CRC   COMPAQ setup diskette
  20.  40  CRC   DR-DOS 5.00 format
  21.  34  CRC   Norton Disk Doctor fix
  22.  2A  CRC   Norton Utilities 3.10
  23.  28  CRC   Peter Norton NU 4.5 SafeFormat
  24.  28  CRC   Peter Norton NU 5.0 SafeFormat
  25.  3E  CRC   PC Tools 4.x internal
  26.  29  CRC   PC Tools old internal
  27.  3E  CRC   PC Tools 6.0 internal
  28.  24  CRC   PC Tools 4.x PCFormat
  29.  3E  CRC   PC Tools 5 - 6 PCFormat
  30.  43  sign  PC Tools 5.5 PCBackup non-DOS
  31.  3E  CRC   PC Tools 6.0 PCBackup non-DOS
  32.  3E  CRC   PC Tools 6.0 DiskFix
  33.  4A  CRC   XTree Pro Gold internal
  34.  83  CRC   ZDS 3.0
  35.  34  CRC   Chaplet Sys
  36.  3C  CRC   Sydex Con>Format
  37.  29  CRC   RCT Design Form360
  38.  24  CRC   HDFormat
  39.  FE  sign  Microsoft Windows
  40.  1E  CRC   ADM 1.00 non-bootable
  41.  00  sign  Virtual disk driver
  42.  3C  CRC   Vitamin B 1.0 for PC-DOS
  43.  3C  CRC   Vitamin B 1.0 for MS-DOS
  44.  3C  CRC   Vitamin B 1.0 for DR-DOS
  45.  3C  CRC   Vitamin B 1.3  A.Sessa
  46.  3C  CRC   Vitamin B 1.5  A.Sessa


      VIRUSES

  Nr. Code Method Name
  --- ---- ------ ------------------------------

  47.  05  CRC   Stoned (Marijuana)
  48.  05  sign  Stoned (Rostov)
  49.  05  CRC   Near Dark ++
  50.  05  CRC   Near Dark ++ (damaged)
  51.  05  CRC   Near Dark
  52.  AC  CRC   March 6
  53.  05  sign  Stoned (unknown)
  54.  EB  CRC   Disk Killer (Computer Ogre)
  55.  E9  sign  Pakistani Brain-86
  56.  E9  sign  Singapore Brain-88
  57.  E9  sign  Ashar
  58.  E9  sign  Brain (unknown)
  59.  29  sign  Den Zuk
  60.  29  sign  Ohio
  61.  1F  sign  Joshi
  62.  --  sign  Alameda (Yale)
  63.  --  sign  Swap (Israeli Boot)
  64.  --  sign  Chaos
  65.  --  sign  LBC Korea
  66.  8B  CRC   Azusa (Abs-2)
  67.  8B  CRC   Azusa (reassembled)
  68.  21  sign  Print Screen - A
  69.  21  sign  Print Screen - B
  70.  --  sign  EDV
  71.  34  sign  Pentagon
  72.  --  sign  Ghost
  73.  --  sign  Nicholos
  74.  34  sign  AirCop
  75.  --  sign  FORM
  76.  --  sign  Mardi Bros
  77.  --  sign  Microbes
  78.  36  sign  Cascade (SPB)
  79.  E9  sign  Music Bug
  80.  1C  CRC   Italian Bouncing Ball
  81.  1C  CRC   Italian Ball (modified)
  82.  1C  sign  Italian Ball (hacked)
